[debug] [2026-04-16T14:25:32.267Z] [Firebase Plugin] Activating Firebase extension.
[info] [Firebase Plugin] Checked firebase-tools, is up to date!
[debug] [2026-04-16T14:25:38.016Z] [Firebase Plugin] requireAuthWrapper
[debug] [2026-04-16T14:25:38.017Z] > command requires scopes: ["email","openid","https://www.googleapis.com/auth/cloudplatformprojects.readonly","https://www.googleapis.com/auth/firebase","https://www.googleapis.com/auth/cloud-platform"]
[debug] [2026-04-16T14:25:38.017Z] > authorizing via signed-in user (desarrollo.it@bacarsa.com.ar)
[debug] [2026-04-16T14:25:38.019Z] Checked if tokens are valid: true, expires at: 1776352111449
[debug] [2026-04-16T14:25:38.020Z] Checked if tokens are valid: true, expires at: 1776352111449
[debug] [2026-04-16T14:25:38.020Z] [Firebase Plugin] User found:  desarrollo.it@bacarsa.com.ar
[info] [Firebase Plugin] (Core:Project) New user detected, fetching projects
[debug] [2026-04-16T14:25:38.021Z] Checked if tokens are valid: true, expires at: 1776352111449
[debug] [2026-04-16T14:25:38.021Z] >>> [apiv2][query] GET https://firebase.googleapis.com/v1beta1/projects pageSize=1000
[debug] [2026-04-16T14:25:38.029Z] [Firebase Plugin] VSCode notification server listening on port 40001
[info] [Firebase Plugin] Starting Data Connect toolkit (version 3.3.1) on port 50001
[debug] [2026-04-16T14:25:38.424Z] 'fdc build' failed with error: Unable to build your Data Connect schema and connectors (exit code 1): E0416 11:25:38.417159   25108 cmd.go:43] Error loading data connect config: could not find dataconnect.yaml in `c:\Users\Usr\Documents\MiniAgente-Inventario\homebacar\dataconnect`
 {"metadata":{"emulator":{"name":"dataconnect"},"message":"'fdc build' failed with error: Unable to build your Data Connect schema and connectors (exit code 1): E0416 11:25:38.417159   25108 cmd.go:43] Error loading data connect config: could not find dataconnect.yaml in `c:\\Users\\Usr\\Documents\\MiniAgente-Inventario\\homebacar\\dataconnect`\n"}}
[debug] [2026-04-16T14:25:38.425Z] Ignoring unsupported arg: auto_download {"metadata":{"emulator":{"name":"dataconnect"},"message":"Ignoring unsupported arg: auto_download"}}
[debug] [2026-04-16T14:25:38.426Z] Ignoring unsupported arg: port {"metadata":{"emulator":{"name":"dataconnect"},"message":"Ignoring unsupported arg: port"}}
[debug] [2026-04-16T14:25:38.426Z] Starting Data Connect Emulator with command {"binary":"C:\\Users\\Usr\\.cache\\firebase\\emulators\\dataconnect-emulator-3.3.1.exe","args":["--logtostderr","-v=2","dev","--listen=localhost:50001","--config_dir=c:\\Users\\Usr\\Documents\\MiniAgente-Inventario\\homebacar\\dataconnect","--enable_output_schema_extensions=true","--enable_output_generated_sdk=true"],"optionalArgs":["listen","config_dir","enable_output_schema_extensions","enable_output_generated_sdk"],"joinArgs":true,"shell":false,"port":9399} {"metadata":{"emulator":{"name":"dataconnect"},"message":"Starting Data Connect Emulator with command {\"binary\":\"C:\\\\Users\\\\Usr\\\\.cache\\\\firebase\\\\emulators\\\\dataconnect-emulator-3.3.1.exe\",\"args\":[\"--logtostderr\",\"-v=2\",\"dev\",\"--listen=localhost:50001\",\"--config_dir=c:\\\\Users\\\\Usr\\\\Documents\\\\MiniAgente-Inventario\\\\homebacar\\\\dataconnect\",\"--enable_output_schema_extensions=true\",\"--enable_output_generated_sdk=true\"],\"optionalArgs\":[\"listen\",\"config_dir\",\"enable_output_schema_extensions\",\"enable_output_generated_sdk\"],\"joinArgs\":true,\"shell\":false,\"port\":9399}"}}
[info] i  dataconnect: Data Connect Emulator logging to dataconnect-debug.log {"metadata":{"emulator":{"name":"dataconnect"},"message":"Data Connect Emulator logging to \u001b[1mdataconnect-debug.log\u001b[22m"}}
[debug] [2026-04-16T14:25:38.554Z] E0416 11:25:38.462016   16368 dev.go:83] Failed to load initial config from "c:\\Users\\Usr\\Documents\\MiniAgente-Inventario\\homebacar\\dataconnect": could not find dataconnect.yaml in `c:\Users\Usr\Documents\MiniAgente-Inventario\homebacar\dataconnect`
E0416 11:25:38.469620   16368 watch.go:116] watchAllDir unable to walk dir `c:\Users\Usr\Documents\MiniAgente-Inventario\homebacar\dataconnect`: GetFileAttributesEx c:\Users\Usr\Documents\MiniAgente-Inventario\homebacar\dataconnect: The system cannot find the file specified.
I0416 11:25:38.485580   16368 dev.go:104] Listening on address (HTTP + gRPC): 127.0.0.1:50001
 {"metadata":{"emulator":{"name":"dataconnect"},"message":"E0416 11:25:38.462016   16368 dev.go:83] Failed to load initial config from \"c:\\\\Users\\\\Usr\\\\Documents\\\\MiniAgente-Inventario\\\\homebacar\\\\dataconnect\": could not find dataconnect.yaml in `c:\\Users\\Usr\\Documents\\MiniAgente-Inventario\\homebacar\\dataconnect`\nE0416 11:25:38.469620   16368 watch.go:116] watchAllDir unable to walk dir `c:\\Users\\Usr\\Documents\\MiniAgente-Inventario\\homebacar\\dataconnect`: GetFileAttributesEx c:\\Users\\Usr\\Documents\\MiniAgente-Inventario\\homebacar\\dataconnect: The system cannot find the file specified.\nI0416 11:25:38.485580   16368 dev.go:104] Listening on address (HTTP + gRPC): 127.0.0.1:50001\n"}}
[error] [Firebase Plugin] error:  {}
[debug] [2026-04-16T14:25:39.147Z] <<< [apiv2][status] GET https://firebase.googleapis.com/v1beta1/projects 200
[debug] [2026-04-16T14:25:39.148Z] <<< [apiv2][body] GET https://firebase.googleapis.com/v1beta1/projects [omitted]
[debug] [2026-04-16T14:25:48.474Z] E0416 11:25:48.473632   16368 watch.go:40] Failed to load config from "c:\\Users\\Usr\\Documents\\MiniAgente-Inventario\\homebacar\\dataconnect": could not find dataconnect.yaml in `c:\Users\Usr\Documents\MiniAgente-Inventario\homebacar\dataconnect`
 {"metadata":{"emulator":{"name":"dataconnect"},"message":"E0416 11:25:48.473632   16368 watch.go:40] Failed to load config from \"c:\\\\Users\\\\Usr\\\\Documents\\\\MiniAgente-Inventario\\\\homebacar\\\\dataconnect\": could not find dataconnect.yaml in `c:\\Users\\Usr\\Documents\\MiniAgente-Inventario\\homebacar\\dataconnect`\n"}}
[debug] [2026-04-16T14:25:58.473Z] E0416 11:25:58.473387   16368 watch.go:40] Failed to load config from "c:\\Users\\Usr\\Documents\\MiniAgente-Inventario\\homebacar\\dataconnect": could not find dataconnect.yaml in `c:\Users\Usr\Documents\MiniAgente-Inventario\homebacar\dataconnect`
 {"metadata":{"emulator":{"name":"dataconnect"},"message":"E0416 11:25:58.473387   16368 watch.go:40] Failed to load config from \"c:\\\\Users\\\\Usr\\\\Documents\\\\MiniAgente-Inventario\\\\homebacar\\\\dataconnect\": could not find dataconnect.yaml in `c:\\Users\\Usr\\Documents\\MiniAgente-Inventario\\homebacar\\dataconnect`\n"}}
[debug] [2026-04-16T14:26:08.473Z] E0416 11:26:08.473278   16368 watch.go:40] Failed to load config from "c:\\Users\\Usr\\Documents\\MiniAgente-Inventario\\homebacar\\dataconnect": could not find dataconnect.yaml in `c:\Users\Usr\Documents\MiniAgente-Inventario\homebacar\dataconnect`
 {"metadata":{"emulator":{"name":"dataconnect"},"message":"E0416 11:26:08.473278   16368 watch.go:40] Failed to load config from \"c:\\\\Users\\\\Usr\\\\Documents\\\\MiniAgente-Inventario\\\\homebacar\\\\dataconnect\": could not find dataconnect.yaml in `c:\\Users\\Usr\\Documents\\MiniAgente-Inventario\\homebacar\\dataconnect`\n"}}
[debug] [2026-04-16T14:26:18.473Z] E0416 11:26:18.473266   16368 watch.go:40] Failed to load config from "c:\\Users\\Usr\\Documents\\MiniAgente-Inventario\\homebacar\\dataconnect": could not find dataconnect.yaml in `c:\Users\Usr\Documents\MiniAgente-Inventario\homebacar\dataconnect`
 {"metadata":{"emulator":{"name":"dataconnect"},"message":"E0416 11:26:18.473266   16368 watch.go:40] Failed to load config from \"c:\\\\Users\\\\Usr\\\\Documents\\\\MiniAgente-Inventario\\\\homebacar\\\\dataconnect\": could not find dataconnect.yaml in `c:\\Users\\Usr\\Documents\\MiniAgente-Inventario\\homebacar\\dataconnect`\n"}}
[debug] [2026-04-16T14:26:28.473Z] E0416 11:26:28.473314   16368 watch.go:40] Failed to load config from "c:\\Users\\Usr\\Documents\\MiniAgente-Inventario\\homebacar\\dataconnect": could not find dataconnect.yaml in `c:\Users\Usr\Documents\MiniAgente-Inventario\homebacar\dataconnect`
 {"metadata":{"emulator":{"name":"dataconnect"},"message":"E0416 11:26:28.473314   16368 watch.go:40] Failed to load config from \"c:\\\\Users\\\\Usr\\\\Documents\\\\MiniAgente-Inventario\\\\homebacar\\\\dataconnect\": could not find dataconnect.yaml in `c:\\Users\\Usr\\Documents\\MiniAgente-Inventario\\homebacar\\dataconnect`\n"}}
[debug] [2026-04-16T14:26:38.473Z] E0416 11:26:38.473175   16368 watch.go:116] watchAllDir unable to walk dir `c:\Users\Usr\Documents\MiniAgente-Inventario\homebacar\dataconnect`: GetFileAttributesEx c:\Users\Usr\Documents\MiniAgente-Inventario\homebacar\dataconnect: The system cannot find the file specified.
 {"metadata":{"emulator":{"name":"dataconnect"},"message":"E0416 11:26:38.473175   16368 watch.go:116] watchAllDir unable to walk dir `c:\\Users\\Usr\\Documents\\MiniAgente-Inventario\\homebacar\\dataconnect`: GetFileAttributesEx c:\\Users\\Usr\\Documents\\MiniAgente-Inventario\\homebacar\\dataconnect: The system cannot find the file specified.\n"}}
[debug] [2026-04-16T14:26:38.473Z] E0416 11:26:38.473175   16368 watch.go:40] Failed to load config from "c:\\Users\\Usr\\Documents\\MiniAgente-Inventario\\homebacar\\dataconnect": could not find dataconnect.yaml in `c:\Users\Usr\Documents\MiniAgente-Inventario\homebacar\dataconnect`
 {"metadata":{"emulator":{"name":"dataconnect"},"message":"E0416 11:26:38.473175   16368 watch.go:40] Failed to load config from \"c:\\\\Users\\\\Usr\\\\Documents\\\\MiniAgente-Inventario\\\\homebacar\\\\dataconnect\": could not find dataconnect.yaml in `c:\\Users\\Usr\\Documents\\MiniAgente-Inventario\\homebacar\\dataconnect`\n"}}
[debug] [2026-04-16T14:26:48.473Z] E0416 11:26:48.473329   16368 watch.go:40] Failed to load config from "c:\\Users\\Usr\\Documents\\MiniAgente-Inventario\\homebacar\\dataconnect": could not find dataconnect.yaml in `c:\Users\Usr\Documents\MiniAgente-Inventario\homebacar\dataconnect`
 {"metadata":{"emulator":{"name":"dataconnect"},"message":"E0416 11:26:48.473329   16368 watch.go:40] Failed to load config from \"c:\\\\Users\\\\Usr\\\\Documents\\\\MiniAgente-Inventario\\\\homebacar\\\\dataconnect\": could not find dataconnect.yaml in `c:\\Users\\Usr\\Documents\\MiniAgente-Inventario\\homebacar\\dataconnect`\n"}}
[debug] [2026-04-16T14:26:58.473Z] E0416 11:26:58.473268   16368 watch.go:40] Failed to load config from "c:\\Users\\Usr\\Documents\\MiniAgente-Inventario\\homebacar\\dataconnect": could not find dataconnect.yaml in `c:\Users\Usr\Documents\MiniAgente-Inventario\homebacar\dataconnect`
 {"metadata":{"emulator":{"name":"dataconnect"},"message":"E0416 11:26:58.473268   16368 watch.go:40] Failed to load config from \"c:\\\\Users\\\\Usr\\\\Documents\\\\MiniAgente-Inventario\\\\homebacar\\\\dataconnect\": could not find dataconnect.yaml in `c:\\Users\\Usr\\Documents\\MiniAgente-Inventario\\homebacar\\dataconnect`\n"}}
[debug] [2026-04-16T14:27:08.473Z] E0416 11:27:08.472984   16368 watch.go:40] Failed to load config from "c:\\Users\\Usr\\Documents\\MiniAgente-Inventario\\homebacar\\dataconnect": could not find dataconnect.yaml in `c:\Users\Usr\Documents\MiniAgente-Inventario\homebacar\dataconnect`
 {"metadata":{"emulator":{"name":"dataconnect"},"message":"E0416 11:27:08.472984   16368 watch.go:40] Failed to load config from \"c:\\\\Users\\\\Usr\\\\Documents\\\\MiniAgente-Inventario\\\\homebacar\\\\dataconnect\": could not find dataconnect.yaml in `c:\\Users\\Usr\\Documents\\MiniAgente-Inventario\\homebacar\\dataconnect`\n"}}
[debug] [2026-04-16T14:27:18.473Z] E0416 11:27:18.472933   16368 watch.go:40] Failed to load config from "c:\\Users\\Usr\\Documents\\MiniAgente-Inventario\\homebacar\\dataconnect": could not find dataconnect.yaml in `c:\Users\Usr\Documents\MiniAgente-Inventario\homebacar\dataconnect`
 {"metadata":{"emulator":{"name":"dataconnect"},"message":"E0416 11:27:18.472933   16368 watch.go:40] Failed to load config from \"c:\\\\Users\\\\Usr\\\\Documents\\\\MiniAgente-Inventario\\\\homebacar\\\\dataconnect\": could not find dataconnect.yaml in `c:\\Users\\Usr\\Documents\\MiniAgente-Inventario\\homebacar\\dataconnect`\n"}}
[debug] [2026-04-16T14:27:28.473Z] E0416 11:27:28.473491   16368 watch.go:40] Failed to load config from "c:\\Users\\Usr\\Documents\\MiniAgente-Inventario\\homebacar\\dataconnect": could not find dataconnect.yaml in `c:\Users\Usr\Documents\MiniAgente-Inventario\homebacar\dataconnect`
 {"metadata":{"emulator":{"name":"dataconnect"},"message":"E0416 11:27:28.473491   16368 watch.go:40] Failed to load config from \"c:\\\\Users\\\\Usr\\\\Documents\\\\MiniAgente-Inventario\\\\homebacar\\\\dataconnect\": could not find dataconnect.yaml in `c:\\Users\\Usr\\Documents\\MiniAgente-Inventario\\homebacar\\dataconnect`\n"}}
[debug] [2026-04-16T14:27:38.473Z] E0416 11:27:38.473099   16368 watch.go:116] watchAllDir unable to walk dir `c:\Users\Usr\Documents\MiniAgente-Inventario\homebacar\dataconnect`: GetFileAttributesEx c:\Users\Usr\Documents\MiniAgente-Inventario\homebacar\dataconnect: The system cannot find the file specified.
 {"metadata":{"emulator":{"name":"dataconnect"},"message":"E0416 11:27:38.473099   16368 watch.go:116] watchAllDir unable to walk dir `c:\\Users\\Usr\\Documents\\MiniAgente-Inventario\\homebacar\\dataconnect`: GetFileAttributesEx c:\\Users\\Usr\\Documents\\MiniAgente-Inventario\\homebacar\\dataconnect: The system cannot find the file specified.\n"}}
[debug] [2026-04-16T14:27:38.474Z] E0416 11:27:38.473099   16368 watch.go:40] Failed to load config from "c:\\Users\\Usr\\Documents\\MiniAgente-Inventario\\homebacar\\dataconnect": could not find dataconnect.yaml in `c:\Users\Usr\Documents\MiniAgente-Inventario\homebacar\dataconnect`
 {"metadata":{"emulator":{"name":"dataconnect"},"message":"E0416 11:27:38.473099   16368 watch.go:40] Failed to load config from \"c:\\\\Users\\\\Usr\\\\Documents\\\\MiniAgente-Inventario\\\\homebacar\\\\dataconnect\": could not find dataconnect.yaml in `c:\\Users\\Usr\\Documents\\MiniAgente-Inventario\\homebacar\\dataconnect`\n"}}
[debug] [2026-04-16T14:27:48.476Z] E0416 11:27:48.475372   16368 watch.go:40] Failed to load config from "c:\\Users\\Usr\\Documents\\MiniAgente-Inventario\\homebacar\\dataconnect": could not find dataconnect.yaml in `c:\Users\Usr\Documents\MiniAgente-Inventario\homebacar\dataconnect`
 {"metadata":{"emulator":{"name":"dataconnect"},"message":"E0416 11:27:48.475372   16368 watch.go:40] Failed to load config from \"c:\\\\Users\\\\Usr\\\\Documents\\\\MiniAgente-Inventario\\\\homebacar\\\\dataconnect\": could not find dataconnect.yaml in `c:\\Users\\Usr\\Documents\\MiniAgente-Inventario\\homebacar\\dataconnect`\n"}}
[debug] [2026-04-16T14:27:58.473Z] E0416 11:27:58.473094   16368 watch.go:40] Failed to load config from "c:\\Users\\Usr\\Documents\\MiniAgente-Inventario\\homebacar\\dataconnect": could not find dataconnect.yaml in `c:\Users\Usr\Documents\MiniAgente-Inventario\homebacar\dataconnect`
 {"metadata":{"emulator":{"name":"dataconnect"},"message":"E0416 11:27:58.473094   16368 watch.go:40] Failed to load config from \"c:\\\\Users\\\\Usr\\\\Documents\\\\MiniAgente-Inventario\\\\homebacar\\\\dataconnect\": could not find dataconnect.yaml in `c:\\Users\\Usr\\Documents\\MiniAgente-Inventario\\homebacar\\dataconnect`\n"}}
[debug] [2026-04-16T14:28:08.473Z] E0416 11:28:08.472654   16368 watch.go:40] Failed to load config from "c:\\Users\\Usr\\Documents\\MiniAgente-Inventario\\homebacar\\dataconnect": could not find dataconnect.yaml in `c:\Users\Usr\Documents\MiniAgente-Inventario\homebacar\dataconnect`
 {"metadata":{"emulator":{"name":"dataconnect"},"message":"E0416 11:28:08.472654   16368 watch.go:40] Failed to load config from \"c:\\\\Users\\\\Usr\\\\Documents\\\\MiniAgente-Inventario\\\\homebacar\\\\dataconnect\": could not find dataconnect.yaml in `c:\\Users\\Usr\\Documents\\MiniAgente-Inventario\\homebacar\\dataconnect`\n"}}
[debug] [2026-04-16T14:28:18.473Z] E0416 11:28:18.472626   16368 watch.go:40] Failed to load config from "c:\\Users\\Usr\\Documents\\MiniAgente-Inventario\\homebacar\\dataconnect": could not find dataconnect.yaml in `c:\Users\Usr\Documents\MiniAgente-Inventario\homebacar\dataconnect`
 {"metadata":{"emulator":{"name":"dataconnect"},"message":"E0416 11:28:18.472626   16368 watch.go:40] Failed to load config from \"c:\\\\Users\\\\Usr\\\\Documents\\\\MiniAgente-Inventario\\\\homebacar\\\\dataconnect\": could not find dataconnect.yaml in `c:\\Users\\Usr\\Documents\\MiniAgente-Inventario\\homebacar\\dataconnect`\n"}}
[debug] [2026-04-16T14:28:28.473Z] E0416 11:28:28.472827   16368 watch.go:40] Failed to load config from "c:\\Users\\Usr\\Documents\\MiniAgente-Inventario\\homebacar\\dataconnect": could not find dataconnect.yaml in `c:\Users\Usr\Documents\MiniAgente-Inventario\homebacar\dataconnect`
 {"metadata":{"emulator":{"name":"dataconnect"},"message":"E0416 11:28:28.472827   16368 watch.go:40] Failed to load config from \"c:\\\\Users\\\\Usr\\\\Documents\\\\MiniAgente-Inventario\\\\homebacar\\\\dataconnect\": could not find dataconnect.yaml in `c:\\Users\\Usr\\Documents\\MiniAgente-Inventario\\homebacar\\dataconnect`\n"}}
[debug] [2026-04-16T14:28:38.473Z] E0416 11:28:38.472956   16368 watch.go:116] watchAllDir unable to walk dir `c:\Users\Usr\Documents\MiniAgente-Inventario\homebacar\dataconnect`: GetFileAttributesEx c:\Users\Usr\Documents\MiniAgente-Inventario\homebacar\dataconnect: The system cannot find the file specified.
E0416 11:28:38.472956   16368 watch.go:40] Failed to load config from "c:\\Users\\Usr\\Documents\\MiniAgente-Inventario\\homebacar\\dataconnect": could not find dataconnect.yaml in `c:\Users\Usr\Documents\MiniAgente-Inventario\homebacar\dataconnect`
 {"metadata":{"emulator":{"name":"dataconnect"},"message":"E0416 11:28:38.472956   16368 watch.go:116] watchAllDir unable to walk dir `c:\\Users\\Usr\\Documents\\MiniAgente-Inventario\\homebacar\\dataconnect`: GetFileAttributesEx c:\\Users\\Usr\\Documents\\MiniAgente-Inventario\\homebacar\\dataconnect: The system cannot find the file specified.\nE0416 11:28:38.472956   16368 watch.go:40] Failed to load config from \"c:\\\\Users\\\\Usr\\\\Documents\\\\MiniAgente-Inventario\\\\homebacar\\\\dataconnect\": could not find dataconnect.yaml in `c:\\Users\\Usr\\Documents\\MiniAgente-Inventario\\homebacar\\dataconnect`\n"}}
[debug] [2026-04-16T14:28:48.473Z] E0416 11:28:48.472635   16368 watch.go:40] Failed to load config from "c:\\Users\\Usr\\Documents\\MiniAgente-Inventario\\homebacar\\dataconnect": could not find dataconnect.yaml in `c:\Users\Usr\Documents\MiniAgente-Inventario\homebacar\dataconnect`
 {"metadata":{"emulator":{"name":"dataconnect"},"message":"E0416 11:28:48.472635   16368 watch.go:40] Failed to load config from \"c:\\\\Users\\\\Usr\\\\Documents\\\\MiniAgente-Inventario\\\\homebacar\\\\dataconnect\": could not find dataconnect.yaml in `c:\\Users\\Usr\\Documents\\MiniAgente-Inventario\\homebacar\\dataconnect`\n"}}
[debug] [2026-04-16T14:28:58.473Z] E0416 11:28:58.472776   16368 watch.go:40] Failed to load config from "c:\\Users\\Usr\\Documents\\MiniAgente-Inventario\\homebacar\\dataconnect": could not find dataconnect.yaml in `c:\Users\Usr\Documents\MiniAgente-Inventario\homebacar\dataconnect`
 {"metadata":{"emulator":{"name":"dataconnect"},"message":"E0416 11:28:58.472776   16368 watch.go:40] Failed to load config from \"c:\\\\Users\\\\Usr\\\\Documents\\\\MiniAgente-Inventario\\\\homebacar\\\\dataconnect\": could not find dataconnect.yaml in `c:\\Users\\Usr\\Documents\\MiniAgente-Inventario\\homebacar\\dataconnect`\n"}}
[debug] [2026-04-16T14:29:08.474Z] E0416 11:29:08.473298   16368 watch.go:40] Failed to load config from "c:\\Users\\Usr\\Documents\\MiniAgente-Inventario\\homebacar\\dataconnect": could not find dataconnect.yaml in `c:\Users\Usr\Documents\MiniAgente-Inventario\homebacar\dataconnect`
 {"metadata":{"emulator":{"name":"dataconnect"},"message":"E0416 11:29:08.473298   16368 watch.go:40] Failed to load config from \"c:\\\\Users\\\\Usr\\\\Documents\\\\MiniAgente-Inventario\\\\homebacar\\\\dataconnect\": could not find dataconnect.yaml in `c:\\Users\\Usr\\Documents\\MiniAgente-Inventario\\homebacar\\dataconnect`\n"}}
[debug] [2026-04-16T14:29:18.519Z] E0416 11:29:18.514087   16368 watch.go:40] Failed to load config from "c:\\Users\\Usr\\Documents\\MiniAgente-Inventario\\homebacar\\dataconnect": could not find dataconnect.yaml in `c:\Users\Usr\Documents\MiniAgente-Inventario\homebacar\dataconnect`
 {"metadata":{"emulator":{"name":"dataconnect"},"message":"E0416 11:29:18.514087   16368 watch.go:40] Failed to load config from \"c:\\\\Users\\\\Usr\\\\Documents\\\\MiniAgente-Inventario\\\\homebacar\\\\dataconnect\": could not find dataconnect.yaml in `c:\\Users\\Usr\\Documents\\MiniAgente-Inventario\\homebacar\\dataconnect`\n"}}
[debug] [2026-04-16T14:29:28.538Z] E0416 11:29:28.537350   16368 watch.go:40] Failed to load config from "c:\\Users\\Usr\\Documents\\MiniAgente-Inventario\\homebacar\\dataconnect": could not find dataconnect.yaml in `c:\Users\Usr\Documents\MiniAgente-Inventario\homebacar\dataconnect`
 {"metadata":{"emulator":{"name":"dataconnect"},"message":"E0416 11:29:28.537350   16368 watch.go:40] Failed to load config from \"c:\\\\Users\\\\Usr\\\\Documents\\\\MiniAgente-Inventario\\\\homebacar\\\\dataconnect\": could not find dataconnect.yaml in `c:\\Users\\Usr\\Documents\\MiniAgente-Inventario\\homebacar\\dataconnect`\n"}}
[debug] [2026-04-16T14:29:38.472Z] E0416 11:29:38.472392   16368 watch.go:116] watchAllDir unable to walk dir `c:\Users\Usr\Documents\MiniAgente-Inventario\homebacar\dataconnect`: GetFileAttributesEx c:\Users\Usr\Documents\MiniAgente-Inventario\homebacar\dataconnect: The system cannot find the file specified.
 {"metadata":{"emulator":{"name":"dataconnect"},"message":"E0416 11:29:38.472392   16368 watch.go:116] watchAllDir unable to walk dir `c:\\Users\\Usr\\Documents\\MiniAgente-Inventario\\homebacar\\dataconnect`: GetFileAttributesEx c:\\Users\\Usr\\Documents\\MiniAgente-Inventario\\homebacar\\dataconnect: The system cannot find the file specified.\n"}}
[debug] [2026-04-16T14:29:38.473Z] E0416 11:29:38.472392   16368 watch.go:40] Failed to load config from "c:\\Users\\Usr\\Documents\\MiniAgente-Inventario\\homebacar\\dataconnect": could not find dataconnect.yaml in `c:\Users\Usr\Documents\MiniAgente-Inventario\homebacar\dataconnect`
 {"metadata":{"emulator":{"name":"dataconnect"},"message":"E0416 11:29:38.472392   16368 watch.go:40] Failed to load config from \"c:\\\\Users\\\\Usr\\\\Documents\\\\MiniAgente-Inventario\\\\homebacar\\\\dataconnect\": could not find dataconnect.yaml in `c:\\Users\\Usr\\Documents\\MiniAgente-Inventario\\homebacar\\dataconnect`\n"}}
[debug] [2026-04-16T14:29:48.472Z] E0416 11:29:48.472519   16368 watch.go:40] Failed to load config from "c:\\Users\\Usr\\Documents\\MiniAgente-Inventario\\homebacar\\dataconnect": could not find dataconnect.yaml in `c:\Users\Usr\Documents\MiniAgente-Inventario\homebacar\dataconnect`
 {"metadata":{"emulator":{"name":"dataconnect"},"message":"E0416 11:29:48.472519   16368 watch.go:40] Failed to load config from \"c:\\\\Users\\\\Usr\\\\Documents\\\\MiniAgente-Inventario\\\\homebacar\\\\dataconnect\": could not find dataconnect.yaml in `c:\\Users\\Usr\\Documents\\MiniAgente-Inventario\\homebacar\\dataconnect`\n"}}
[debug] [2026-04-16T14:29:58.473Z] E0416 11:29:58.472334   16368 watch.go:40] Failed to load config from "c:\\Users\\Usr\\Documents\\MiniAgente-Inventario\\homebacar\\dataconnect": could not find dataconnect.yaml in `c:\Users\Usr\Documents\MiniAgente-Inventario\homebacar\dataconnect`
 {"metadata":{"emulator":{"name":"dataconnect"},"message":"E0416 11:29:58.472334   16368 watch.go:40] Failed to load config from \"c:\\\\Users\\\\Usr\\\\Documents\\\\MiniAgente-Inventario\\\\homebacar\\\\dataconnect\": could not find dataconnect.yaml in `c:\\Users\\Usr\\Documents\\MiniAgente-Inventario\\homebacar\\dataconnect`\n"}}
[debug] [2026-04-16T14:30:08.472Z] E0416 11:30:08.472025   16368 watch.go:40] Failed to load config from "c:\\Users\\Usr\\Documents\\MiniAgente-Inventario\\homebacar\\dataconnect": could not find dataconnect.yaml in `c:\Users\Usr\Documents\MiniAgente-Inventario\homebacar\dataconnect`
 {"metadata":{"emulator":{"name":"dataconnect"},"message":"E0416 11:30:08.472025   16368 watch.go:40] Failed to load config from \"c:\\\\Users\\\\Usr\\\\Documents\\\\MiniAgente-Inventario\\\\homebacar\\\\dataconnect\": could not find dataconnect.yaml in `c:\\Users\\Usr\\Documents\\MiniAgente-Inventario\\homebacar\\dataconnect`\n"}}
[debug] [2026-04-16T14:30:18.473Z] E0416 11:30:18.472467   16368 watch.go:40] Failed to load config from "c:\\Users\\Usr\\Documents\\MiniAgente-Inventario\\homebacar\\dataconnect": could not find dataconnect.yaml in `c:\Users\Usr\Documents\MiniAgente-Inventario\homebacar\dataconnect`
 {"metadata":{"emulator":{"name":"dataconnect"},"message":"E0416 11:30:18.472467   16368 watch.go:40] Failed to load config from \"c:\\\\Users\\\\Usr\\\\Documents\\\\MiniAgente-Inventario\\\\homebacar\\\\dataconnect\": could not find dataconnect.yaml in `c:\\Users\\Usr\\Documents\\MiniAgente-Inventario\\homebacar\\dataconnect`\n"}}
[debug] [2026-04-16T14:30:28.472Z] E0416 11:30:28.472263   16368 watch.go:40] Failed to load config from "c:\\Users\\Usr\\Documents\\MiniAgente-Inventario\\homebacar\\dataconnect": could not find dataconnect.yaml in `c:\Users\Usr\Documents\MiniAgente-Inventario\homebacar\dataconnect`
 {"metadata":{"emulator":{"name":"dataconnect"},"message":"E0416 11:30:28.472263   16368 watch.go:40] Failed to load config from \"c:\\\\Users\\\\Usr\\\\Documents\\\\MiniAgente-Inventario\\\\homebacar\\\\dataconnect\": could not find dataconnect.yaml in `c:\\Users\\Usr\\Documents\\MiniAgente-Inventario\\homebacar\\dataconnect`\n"}}
[debug] [2026-04-16T14:30:38.472Z] E0416 11:30:38.472185   16368 watch.go:116] watchAllDir unable to walk dir `c:\Users\Usr\Documents\MiniAgente-Inventario\homebacar\dataconnect`: GetFileAttributesEx c:\Users\Usr\Documents\MiniAgente-Inventario\homebacar\dataconnect: The system cannot find the file specified.
E0416 11:30:38.472185   16368 watch.go:40] Failed to load config from "c:\\Users\\Usr\\Documents\\MiniAgente-Inventario\\homebacar\\dataconnect": could not find dataconnect.yaml in `c:\Users\Usr\Documents\MiniAgente-Inventario\homebacar\dataconnect`
 {"metadata":{"emulator":{"name":"dataconnect"},"message":"E0416 11:30:38.472185   16368 watch.go:116] watchAllDir unable to walk dir `c:\\Users\\Usr\\Documents\\MiniAgente-Inventario\\homebacar\\dataconnect`: GetFileAttributesEx c:\\Users\\Usr\\Documents\\MiniAgente-Inventario\\homebacar\\dataconnect: The system cannot find the file specified.\nE0416 11:30:38.472185   16368 watch.go:40] Failed to load config from \"c:\\\\Users\\\\Usr\\\\Documents\\\\MiniAgente-Inventario\\\\homebacar\\\\dataconnect\": could not find dataconnect.yaml in `c:\\Users\\Usr\\Documents\\MiniAgente-Inventario\\homebacar\\dataconnect`\n"}}
[debug] [2026-04-16T14:30:48.472Z] E0416 11:30:48.472013   16368 watch.go:40] Failed to load config from "c:\\Users\\Usr\\Documents\\MiniAgente-Inventario\\homebacar\\dataconnect": could not find dataconnect.yaml in `c:\Users\Usr\Documents\MiniAgente-Inventario\homebacar\dataconnect`
 {"metadata":{"emulator":{"name":"dataconnect"},"message":"E0416 11:30:48.472013   16368 watch.go:40] Failed to load config from \"c:\\\\Users\\\\Usr\\\\Documents\\\\MiniAgente-Inventario\\\\homebacar\\\\dataconnect\": could not find dataconnect.yaml in `c:\\Users\\Usr\\Documents\\MiniAgente-Inventario\\homebacar\\dataconnect`\n"}}
[debug] [2026-04-16T14:30:58.472Z] E0416 11:30:58.471930   16368 watch.go:40] Failed to load config from "c:\\Users\\Usr\\Documents\\MiniAgente-Inventario\\homebacar\\dataconnect": could not find dataconnect.yaml in `c:\Users\Usr\Documents\MiniAgente-Inventario\homebacar\dataconnect`
 {"metadata":{"emulator":{"name":"dataconnect"},"message":"E0416 11:30:58.471930   16368 watch.go:40] Failed to load config from \"c:\\\\Users\\\\Usr\\\\Documents\\\\MiniAgente-Inventario\\\\homebacar\\\\dataconnect\": could not find dataconnect.yaml in `c:\\Users\\Usr\\Documents\\MiniAgente-Inventario\\homebacar\\dataconnect`\n"}}
[debug] [2026-04-16T14:31:08.472Z] E0416 11:31:08.471411   16368 watch.go:40] Failed to load config from "c:\\Users\\Usr\\Documents\\MiniAgente-Inventario\\homebacar\\dataconnect": could not find dataconnect.yaml in `c:\Users\Usr\Documents\MiniAgente-Inventario\homebacar\dataconnect`
 {"metadata":{"emulator":{"name":"dataconnect"},"message":"E0416 11:31:08.471411   16368 watch.go:40] Failed to load config from \"c:\\\\Users\\\\Usr\\\\Documents\\\\MiniAgente-Inventario\\\\homebacar\\\\dataconnect\": could not find dataconnect.yaml in `c:\\Users\\Usr\\Documents\\MiniAgente-Inventario\\homebacar\\dataconnect`\n"}}
[debug] [2026-04-16T14:31:18.472Z] E0416 11:31:18.471186   16368 watch.go:40] Failed to load config from "c:\\Users\\Usr\\Documents\\MiniAgente-Inventario\\homebacar\\dataconnect": could not find dataconnect.yaml in `c:\Users\Usr\Documents\MiniAgente-Inventario\homebacar\dataconnect`
 {"metadata":{"emulator":{"name":"dataconnect"},"message":"E0416 11:31:18.471186   16368 watch.go:40] Failed to load config from \"c:\\\\Users\\\\Usr\\\\Documents\\\\MiniAgente-Inventario\\\\homebacar\\\\dataconnect\": could not find dataconnect.yaml in `c:\\Users\\Usr\\Documents\\MiniAgente-Inventario\\homebacar\\dataconnect`\n"}}
[debug] [2026-04-16T14:31:28.470Z] E0416 11:31:28.470422   16368 watch.go:40] Failed to load config from "c:\\Users\\Usr\\Documents\\MiniAgente-Inventario\\homebacar\\dataconnect": could not find dataconnect.yaml in `c:\Users\Usr\Documents\MiniAgente-Inventario\homebacar\dataconnect`
 {"metadata":{"emulator":{"name":"dataconnect"},"message":"E0416 11:31:28.470422   16368 watch.go:40] Failed to load config from \"c:\\\\Users\\\\Usr\\\\Documents\\\\MiniAgente-Inventario\\\\homebacar\\\\dataconnect\": could not find dataconnect.yaml in `c:\\Users\\Usr\\Documents\\MiniAgente-Inventario\\homebacar\\dataconnect`\n"}}
[debug] [2026-04-16T14:31:38.470Z] E0416 11:31:38.469942   16368 watch.go:116] watchAllDir unable to walk dir `c:\Users\Usr\Documents\MiniAgente-Inventario\homebacar\dataconnect`: GetFileAttributesEx c:\Users\Usr\Documents\MiniAgente-Inventario\homebacar\dataconnect: The system cannot find the file specified.
E0416 11:31:38.469942   16368 watch.go:40] Failed to load config from "c:\\Users\\Usr\\Documents\\MiniAgente-Inventario\\homebacar\\dataconnect": could not find dataconnect.yaml in `c:\Users\Usr\Documents\MiniAgente-Inventario\homebacar\dataconnect`
 {"metadata":{"emulator":{"name":"dataconnect"},"message":"E0416 11:31:38.469942   16368 watch.go:116] watchAllDir unable to walk dir `c:\\Users\\Usr\\Documents\\MiniAgente-Inventario\\homebacar\\dataconnect`: GetFileAttributesEx c:\\Users\\Usr\\Documents\\MiniAgente-Inventario\\homebacar\\dataconnect: The system cannot find the file specified.\nE0416 11:31:38.469942   16368 watch.go:40] Failed to load config from \"c:\\\\Users\\\\Usr\\\\Documents\\\\MiniAgente-Inventario\\\\homebacar\\\\dataconnect\": could not find dataconnect.yaml in `c:\\Users\\Usr\\Documents\\MiniAgente-Inventario\\homebacar\\dataconnect`\n"}}
[debug] [2026-04-16T14:31:48.470Z] E0416 11:31:48.469740   16368 watch.go:40] Failed to load config from "c:\\Users\\Usr\\Documents\\MiniAgente-Inventario\\homebacar\\dataconnect": could not find dataconnect.yaml in `c:\Users\Usr\Documents\MiniAgente-Inventario\homebacar\dataconnect`
 {"metadata":{"emulator":{"name":"dataconnect"},"message":"E0416 11:31:48.469740   16368 watch.go:40] Failed to load config from \"c:\\\\Users\\\\Usr\\\\Documents\\\\MiniAgente-Inventario\\\\homebacar\\\\dataconnect\": could not find dataconnect.yaml in `c:\\Users\\Usr\\Documents\\MiniAgente-Inventario\\homebacar\\dataconnect`\n"}}
[debug] [2026-04-16T14:31:58.470Z] E0416 11:31:58.469263   16368 watch.go:40] Failed to load config from "c:\\Users\\Usr\\Documents\\MiniAgente-Inventario\\homebacar\\dataconnect": could not find dataconnect.yaml in `c:\Users\Usr\Documents\MiniAgente-Inventario\homebacar\dataconnect`
 {"metadata":{"emulator":{"name":"dataconnect"},"message":"E0416 11:31:58.469263   16368 watch.go:40] Failed to load config from \"c:\\\\Users\\\\Usr\\\\Documents\\\\MiniAgente-Inventario\\\\homebacar\\\\dataconnect\": could not find dataconnect.yaml in `c:\\Users\\Usr\\Documents\\MiniAgente-Inventario\\homebacar\\dataconnect`\n"}}
[debug] [2026-04-16T14:32:08.470Z] E0416 11:32:08.468677   16368 watch.go:40] Failed to load config from "c:\\Users\\Usr\\Documents\\MiniAgente-Inventario\\homebacar\\dataconnect": could not find dataconnect.yaml in `c:\Users\Usr\Documents\MiniAgente-Inventario\homebacar\dataconnect`
 {"metadata":{"emulator":{"name":"dataconnect"},"message":"E0416 11:32:08.468677   16368 watch.go:40] Failed to load config from \"c:\\\\Users\\\\Usr\\\\Documents\\\\MiniAgente-Inventario\\\\homebacar\\\\dataconnect\": could not find dataconnect.yaml in `c:\\Users\\Usr\\Documents\\MiniAgente-Inventario\\homebacar\\dataconnect`\n"}}
[debug] [2026-04-16T14:32:18.470Z] E0416 11:32:18.468063   16368 watch.go:40] Failed to load config from "c:\\Users\\Usr\\Documents\\MiniAgente-Inventario\\homebacar\\dataconnect": could not find dataconnect.yaml in `c:\Users\Usr\Documents\MiniAgente-Inventario\homebacar\dataconnect`
 {"metadata":{"emulator":{"name":"dataconnect"},"message":"E0416 11:32:18.468063   16368 watch.go:40] Failed to load config from \"c:\\\\Users\\\\Usr\\\\Documents\\\\MiniAgente-Inventario\\\\homebacar\\\\dataconnect\": could not find dataconnect.yaml in `c:\\Users\\Usr\\Documents\\MiniAgente-Inventario\\homebacar\\dataconnect`\n"}}
[debug] [2026-04-16T14:32:28.468Z] E0416 11:32:28.467986   16368 watch.go:40] Failed to load config from "c:\\Users\\Usr\\Documents\\MiniAgente-Inventario\\homebacar\\dataconnect": could not find dataconnect.yaml in `c:\Users\Usr\Documents\MiniAgente-Inventario\homebacar\dataconnect`
 {"metadata":{"emulator":{"name":"dataconnect"},"message":"E0416 11:32:28.467986   16368 watch.go:40] Failed to load config from \"c:\\\\Users\\\\Usr\\\\Documents\\\\MiniAgente-Inventario\\\\homebacar\\\\dataconnect\": could not find dataconnect.yaml in `c:\\Users\\Usr\\Documents\\MiniAgente-Inventario\\homebacar\\dataconnect`\n"}}
[debug] [2026-04-16T14:32:38.468Z] E0416 11:32:38.467336   16368 watch.go:116] watchAllDir unable to walk dir `c:\Users\Usr\Documents\MiniAgente-Inventario\homebacar\dataconnect`: GetFileAttributesEx c:\Users\Usr\Documents\MiniAgente-Inventario\homebacar\dataconnect: The system cannot find the file specified.
 {"metadata":{"emulator":{"name":"dataconnect"},"message":"E0416 11:32:38.467336   16368 watch.go:116] watchAllDir unable to walk dir `c:\\Users\\Usr\\Documents\\MiniAgente-Inventario\\homebacar\\dataconnect`: GetFileAttributesEx c:\\Users\\Usr\\Documents\\MiniAgente-Inventario\\homebacar\\dataconnect: The system cannot find the file specified.\n"}}
[debug] [2026-04-16T14:32:38.468Z] E0416 11:32:38.467336   16368 watch.go:40] Failed to load config from "c:\\Users\\Usr\\Documents\\MiniAgente-Inventario\\homebacar\\dataconnect": could not find dataconnect.yaml in `c:\Users\Usr\Documents\MiniAgente-Inventario\homebacar\dataconnect`
 {"metadata":{"emulator":{"name":"dataconnect"},"message":"E0416 11:32:38.467336   16368 watch.go:40] Failed to load config from \"c:\\\\Users\\\\Usr\\\\Documents\\\\MiniAgente-Inventario\\\\homebacar\\\\dataconnect\": could not find dataconnect.yaml in `c:\\Users\\Usr\\Documents\\MiniAgente-Inventario\\homebacar\\dataconnect`\n"}}
[debug] [2026-04-16T14:32:48.468Z] E0416 11:32:48.466707   16368 watch.go:40] Failed to load config from "c:\\Users\\Usr\\Documents\\MiniAgente-Inventario\\homebacar\\dataconnect": could not find dataconnect.yaml in `c:\Users\Usr\Documents\MiniAgente-Inventario\homebacar\dataconnect`
 {"metadata":{"emulator":{"name":"dataconnect"},"message":"E0416 11:32:48.466707   16368 watch.go:40] Failed to load config from \"c:\\\\Users\\\\Usr\\\\Documents\\\\MiniAgente-Inventario\\\\homebacar\\\\dataconnect\": could not find dataconnect.yaml in `c:\\Users\\Usr\\Documents\\MiniAgente-Inventario\\homebacar\\dataconnect`\n"}}
[debug] [2026-04-16T14:32:58.468Z] E0416 11:32:58.466457   16368 watch.go:40] Failed to load config from "c:\\Users\\Usr\\Documents\\MiniAgente-Inventario\\homebacar\\dataconnect": could not find dataconnect.yaml in `c:\Users\Usr\Documents\MiniAgente-Inventario\homebacar\dataconnect`
 {"metadata":{"emulator":{"name":"dataconnect"},"message":"E0416 11:32:58.466457   16368 watch.go:40] Failed to load config from \"c:\\\\Users\\\\Usr\\\\Documents\\\\MiniAgente-Inventario\\\\homebacar\\\\dataconnect\": could not find dataconnect.yaml in `c:\\Users\\Usr\\Documents\\MiniAgente-Inventario\\homebacar\\dataconnect`\n"}}
[debug] [2026-04-16T14:33:08.468Z] E0416 11:33:08.466162   16368 watch.go:40] Failed to load config from "c:\\Users\\Usr\\Documents\\MiniAgente-Inventario\\homebacar\\dataconnect": could not find dataconnect.yaml in `c:\Users\Usr\Documents\MiniAgente-Inventario\homebacar\dataconnect`
 {"metadata":{"emulator":{"name":"dataconnect"},"message":"E0416 11:33:08.466162   16368 watch.go:40] Failed to load config from \"c:\\\\Users\\\\Usr\\\\Documents\\\\MiniAgente-Inventario\\\\homebacar\\\\dataconnect\": could not find dataconnect.yaml in `c:\\Users\\Usr\\Documents\\MiniAgente-Inventario\\homebacar\\dataconnect`\n"}}
[debug] [2026-04-16T14:33:18.468Z] E0416 11:33:18.465480   16368 watch.go:40] Failed to load config from "c:\\Users\\Usr\\Documents\\MiniAgente-Inventario\\homebacar\\dataconnect": could not find dataconnect.yaml in `c:\Users\Usr\Documents\MiniAgente-Inventario\homebacar\dataconnect`
 {"metadata":{"emulator":{"name":"dataconnect"},"message":"E0416 11:33:18.465480   16368 watch.go:40] Failed to load config from \"c:\\\\Users\\\\Usr\\\\Documents\\\\MiniAgente-Inventario\\\\homebacar\\\\dataconnect\": could not find dataconnect.yaml in `c:\\Users\\Usr\\Documents\\MiniAgente-Inventario\\homebacar\\dataconnect`\n"}}
[debug] [2026-04-16T14:33:28.465Z] E0416 11:33:28.465040   16368 watch.go:40] Failed to load config from "c:\\Users\\Usr\\Documents\\MiniAgente-Inventario\\homebacar\\dataconnect": could not find dataconnect.yaml in `c:\Users\Usr\Documents\MiniAgente-Inventario\homebacar\dataconnect`
 {"metadata":{"emulator":{"name":"dataconnect"},"message":"E0416 11:33:28.465040   16368 watch.go:40] Failed to load config from \"c:\\\\Users\\\\Usr\\\\Documents\\\\MiniAgente-Inventario\\\\homebacar\\\\dataconnect\": could not find dataconnect.yaml in `c:\\Users\\Usr\\Documents\\MiniAgente-Inventario\\homebacar\\dataconnect`\n"}}
[debug] [2026-04-16T14:33:38.465Z] E0416 11:33:38.464344   16368 watch.go:116] watchAllDir unable to walk dir `c:\Users\Usr\Documents\MiniAgente-Inventario\homebacar\dataconnect`: GetFileAttributesEx c:\Users\Usr\Documents\MiniAgente-Inventario\homebacar\dataconnect: The system cannot find the file specified.
 {"metadata":{"emulator":{"name":"dataconnect"},"message":"E0416 11:33:38.464344   16368 watch.go:116] watchAllDir unable to walk dir `c:\\Users\\Usr\\Documents\\MiniAgente-Inventario\\homebacar\\dataconnect`: GetFileAttributesEx c:\\Users\\Usr\\Documents\\MiniAgente-Inventario\\homebacar\\dataconnect: The system cannot find the file specified.\n"}}
[debug] [2026-04-16T14:33:38.466Z] E0416 11:33:38.464344   16368 watch.go:40] Failed to load config from "c:\\Users\\Usr\\Documents\\MiniAgente-Inventario\\homebacar\\dataconnect": could not find dataconnect.yaml in `c:\Users\Usr\Documents\MiniAgente-Inventario\homebacar\dataconnect`
 {"metadata":{"emulator":{"name":"dataconnect"},"message":"E0416 11:33:38.464344   16368 watch.go:40] Failed to load config from \"c:\\\\Users\\\\Usr\\\\Documents\\\\MiniAgente-Inventario\\\\homebacar\\\\dataconnect\": could not find dataconnect.yaml in `c:\\Users\\Usr\\Documents\\MiniAgente-Inventario\\homebacar\\dataconnect`\n"}}
[debug] [2026-04-16T14:33:48.465Z] E0416 11:33:48.464317   16368 watch.go:40] Failed to load config from "c:\\Users\\Usr\\Documents\\MiniAgente-Inventario\\homebacar\\dataconnect": could not find dataconnect.yaml in `c:\Users\Usr\Documents\MiniAgente-Inventario\homebacar\dataconnect`
 {"metadata":{"emulator":{"name":"dataconnect"},"message":"E0416 11:33:48.464317   16368 watch.go:40] Failed to load config from \"c:\\\\Users\\\\Usr\\\\Documents\\\\MiniAgente-Inventario\\\\homebacar\\\\dataconnect\": could not find dataconnect.yaml in `c:\\Users\\Usr\\Documents\\MiniAgente-Inventario\\homebacar\\dataconnect`\n"}}
[debug] [2026-04-16T14:33:58.465Z] E0416 11:33:58.463674   16368 watch.go:40] Failed to load config from "c:\\Users\\Usr\\Documents\\MiniAgente-Inventario\\homebacar\\dataconnect": could not find dataconnect.yaml in `c:\Users\Usr\Documents\MiniAgente-Inventario\homebacar\dataconnect`
 {"metadata":{"emulator":{"name":"dataconnect"},"message":"E0416 11:33:58.463674   16368 watch.go:40] Failed to load config from \"c:\\\\Users\\\\Usr\\\\Documents\\\\MiniAgente-Inventario\\\\homebacar\\\\dataconnect\": could not find dataconnect.yaml in `c:\\Users\\Usr\\Documents\\MiniAgente-Inventario\\homebacar\\dataconnect`\n"}}
[debug] [2026-04-16T14:34:08.473Z] E0416 11:34:08.462955   16368 watch.go:40] Failed to load config from "c:\\Users\\Usr\\Documents\\MiniAgente-Inventario\\homebacar\\dataconnect": could not find dataconnect.yaml in `c:\Users\Usr\Documents\MiniAgente-Inventario\homebacar\dataconnect`
 {"metadata":{"emulator":{"name":"dataconnect"},"message":"E0416 11:34:08.462955   16368 watch.go:40] Failed to load config from \"c:\\\\Users\\\\Usr\\\\Documents\\\\MiniAgente-Inventario\\\\homebacar\\\\dataconnect\": could not find dataconnect.yaml in `c:\\Users\\Usr\\Documents\\MiniAgente-Inventario\\homebacar\\dataconnect`\n"}}
[debug] [2026-04-16T14:34:18.465Z] E0416 11:34:18.462838   16368 watch.go:40] Failed to load config from "c:\\Users\\Usr\\Documents\\MiniAgente-Inventario\\homebacar\\dataconnect": could not find dataconnect.yaml in `c:\Users\Usr\Documents\MiniAgente-Inventario\homebacar\dataconnect`
 {"metadata":{"emulator":{"name":"dataconnect"},"message":"E0416 11:34:18.462838   16368 watch.go:40] Failed to load config from \"c:\\\\Users\\\\Usr\\\\Documents\\\\MiniAgente-Inventario\\\\homebacar\\\\dataconnect\": could not find dataconnect.yaml in `c:\\Users\\Usr\\Documents\\MiniAgente-Inventario\\homebacar\\dataconnect`\n"}}
[debug] [2026-04-16T14:34:28.462Z] E0416 11:34:28.462304   16368 watch.go:40] Failed to load config from "c:\\Users\\Usr\\Documents\\MiniAgente-Inventario\\homebacar\\dataconnect": could not find dataconnect.yaml in `c:\Users\Usr\Documents\MiniAgente-Inventario\homebacar\dataconnect`
 {"metadata":{"emulator":{"name":"dataconnect"},"message":"E0416 11:34:28.462304   16368 watch.go:40] Failed to load config from \"c:\\\\Users\\\\Usr\\\\Documents\\\\MiniAgente-Inventario\\\\homebacar\\\\dataconnect\": could not find dataconnect.yaml in `c:\\Users\\Usr\\Documents\\MiniAgente-Inventario\\homebacar\\dataconnect`\n"}}
[debug] [2026-04-16T14:34:38.462Z] E0416 11:34:38.461731   16368 watch.go:116] watchAllDir unable to walk dir `c:\Users\Usr\Documents\MiniAgente-Inventario\homebacar\dataconnect`: GetFileAttributesEx c:\Users\Usr\Documents\MiniAgente-Inventario\homebacar\dataconnect: The system cannot find the file specified.
E0416 11:34:38.461731   16368 watch.go:40] Failed to load config from "c:\\Users\\Usr\\Documents\\MiniAgente-Inventario\\homebacar\\dataconnect": could not find dataconnect.yaml in `c:\Users\Usr\Documents\MiniAgente-Inventario\homebacar\dataconnect`
 {"metadata":{"emulator":{"name":"dataconnect"},"message":"E0416 11:34:38.461731   16368 watch.go:116] watchAllDir unable to walk dir `c:\\Users\\Usr\\Documents\\MiniAgente-Inventario\\homebacar\\dataconnect`: GetFileAttributesEx c:\\Users\\Usr\\Documents\\MiniAgente-Inventario\\homebacar\\dataconnect: The system cannot find the file specified.\nE0416 11:34:38.461731   16368 watch.go:40] Failed to load config from \"c:\\\\Users\\\\Usr\\\\Documents\\\\MiniAgente-Inventario\\\\homebacar\\\\dataconnect\": could not find dataconnect.yaml in `c:\\Users\\Usr\\Documents\\MiniAgente-Inventario\\homebacar\\dataconnect`\n"}}
[debug] [2026-04-16T14:34:48.462Z] E0416 11:34:48.461387   16368 watch.go:40] Failed to load config from "c:\\Users\\Usr\\Documents\\MiniAgente-Inventario\\homebacar\\dataconnect": could not find dataconnect.yaml in `c:\Users\Usr\Documents\MiniAgente-Inventario\homebacar\dataconnect`
 {"metadata":{"emulator":{"name":"dataconnect"},"message":"E0416 11:34:48.461387   16368 watch.go:40] Failed to load config from \"c:\\\\Users\\\\Usr\\\\Documents\\\\MiniAgente-Inventario\\\\homebacar\\\\dataconnect\": could not find dataconnect.yaml in `c:\\Users\\Usr\\Documents\\MiniAgente-Inventario\\homebacar\\dataconnect`\n"}}
[debug] [2026-04-16T14:34:58.462Z] E0416 11:34:58.460898   16368 watch.go:40] Failed to load config from "c:\\Users\\Usr\\Documents\\MiniAgente-Inventario\\homebacar\\dataconnect": could not find dataconnect.yaml in `c:\Users\Usr\Documents\MiniAgente-Inventario\homebacar\dataconnect`
 {"metadata":{"emulator":{"name":"dataconnect"},"message":"E0416 11:34:58.460898   16368 watch.go:40] Failed to load config from \"c:\\\\Users\\\\Usr\\\\Documents\\\\MiniAgente-Inventario\\\\homebacar\\\\dataconnect\": could not find dataconnect.yaml in `c:\\Users\\Usr\\Documents\\MiniAgente-Inventario\\homebacar\\dataconnect`\n"}}
[debug] [2026-04-16T14:35:08.463Z] E0416 11:35:08.460230   16368 watch.go:40] Failed to load config from "c:\\Users\\Usr\\Documents\\MiniAgente-Inventario\\homebacar\\dataconnect": could not find dataconnect.yaml in `c:\Users\Usr\Documents\MiniAgente-Inventario\homebacar\dataconnect`
 {"metadata":{"emulator":{"name":"dataconnect"},"message":"E0416 11:35:08.460230   16368 watch.go:40] Failed to load config from \"c:\\\\Users\\\\Usr\\\\Documents\\\\MiniAgente-Inventario\\\\homebacar\\\\dataconnect\": could not find dataconnect.yaml in `c:\\Users\\Usr\\Documents\\MiniAgente-Inventario\\homebacar\\dataconnect`\n"}}
[debug] [2026-04-16T14:35:18.462Z] E0416 11:35:18.459934   16368 watch.go:40] Failed to load config from "c:\\Users\\Usr\\Documents\\MiniAgente-Inventario\\homebacar\\dataconnect": could not find dataconnect.yaml in `c:\Users\Usr\Documents\MiniAgente-Inventario\homebacar\dataconnect`
 {"metadata":{"emulator":{"name":"dataconnect"},"message":"E0416 11:35:18.459934   16368 watch.go:40] Failed to load config from \"c:\\\\Users\\\\Usr\\\\Documents\\\\MiniAgente-Inventario\\\\homebacar\\\\dataconnect\": could not find dataconnect.yaml in `c:\\Users\\Usr\\Documents\\MiniAgente-Inventario\\homebacar\\dataconnect`\n"}}
[debug] [2026-04-16T14:35:28.459Z] E0416 11:35:28.459360   16368 watch.go:40] Failed to load config from "c:\\Users\\Usr\\Documents\\MiniAgente-Inventario\\homebacar\\dataconnect": could not find dataconnect.yaml in `c:\Users\Usr\Documents\MiniAgente-Inventario\homebacar\dataconnect`
 {"metadata":{"emulator":{"name":"dataconnect"},"message":"E0416 11:35:28.459360   16368 watch.go:40] Failed to load config from \"c:\\\\Users\\\\Usr\\\\Documents\\\\MiniAgente-Inventario\\\\homebacar\\\\dataconnect\": could not find dataconnect.yaml in `c:\\Users\\Usr\\Documents\\MiniAgente-Inventario\\homebacar\\dataconnect`\n"}}
[debug] [2026-04-16T14:35:38.459Z] E0416 11:35:38.459048   16368 watch.go:116] watchAllDir unable to walk dir `c:\Users\Usr\Documents\MiniAgente-Inventario\homebacar\dataconnect`: GetFileAttributesEx c:\Users\Usr\Documents\MiniAgente-Inventario\homebacar\dataconnect: The system cannot find the file specified.
E0416 11:35:38.459048   16368 watch.go:40] Failed to load config from "c:\\Users\\Usr\\Documents\\MiniAgente-Inventario\\homebacar\\dataconnect": could not find dataconnect.yaml in `c:\Users\Usr\Documents\MiniAgente-Inventario\homebacar\dataconnect`
 {"metadata":{"emulator":{"name":"dataconnect"},"message":"E0416 11:35:38.459048   16368 watch.go:116] watchAllDir unable to walk dir `c:\\Users\\Usr\\Documents\\MiniAgente-Inventario\\homebacar\\dataconnect`: GetFileAttributesEx c:\\Users\\Usr\\Documents\\MiniAgente-Inventario\\homebacar\\dataconnect: The system cannot find the file specified.\nE0416 11:35:38.459048   16368 watch.go:40] Failed to load config from \"c:\\\\Users\\\\Usr\\\\Documents\\\\MiniAgente-Inventario\\\\homebacar\\\\dataconnect\": could not find dataconnect.yaml in `c:\\Users\\Usr\\Documents\\MiniAgente-Inventario\\homebacar\\dataconnect`\n"}}
[debug] [2026-04-16T14:35:48.460Z] E0416 11:35:48.458547   16368 watch.go:40] Failed to load config from "c:\\Users\\Usr\\Documents\\MiniAgente-Inventario\\homebacar\\dataconnect": could not find dataconnect.yaml in `c:\Users\Usr\Documents\MiniAgente-Inventario\homebacar\dataconnect`
 {"metadata":{"emulator":{"name":"dataconnect"},"message":"E0416 11:35:48.458547   16368 watch.go:40] Failed to load config from \"c:\\\\Users\\\\Usr\\\\Documents\\\\MiniAgente-Inventario\\\\homebacar\\\\dataconnect\": could not find dataconnect.yaml in `c:\\Users\\Usr\\Documents\\MiniAgente-Inventario\\homebacar\\dataconnect`\n"}}
[debug] [2026-04-16T14:35:58.460Z] E0416 11:35:58.458232   16368 watch.go:40] Failed to load config from "c:\\Users\\Usr\\Documents\\MiniAgente-Inventario\\homebacar\\dataconnect": could not find dataconnect.yaml in `c:\Users\Usr\Documents\MiniAgente-Inventario\homebacar\dataconnect`
 {"metadata":{"emulator":{"name":"dataconnect"},"message":"E0416 11:35:58.458232   16368 watch.go:40] Failed to load config from \"c:\\\\Users\\\\Usr\\\\Documents\\\\MiniAgente-Inventario\\\\homebacar\\\\dataconnect\": could not find dataconnect.yaml in `c:\\Users\\Usr\\Documents\\MiniAgente-Inventario\\homebacar\\dataconnect`\n"}}
[debug] [2026-04-16T14:36:08.460Z] E0416 11:36:08.457705   16368 watch.go:40] Failed to load config from "c:\\Users\\Usr\\Documents\\MiniAgente-Inventario\\homebacar\\dataconnect": could not find dataconnect.yaml in `c:\Users\Usr\Documents\MiniAgente-Inventario\homebacar\dataconnect`
 {"metadata":{"emulator":{"name":"dataconnect"},"message":"E0416 11:36:08.457705   16368 watch.go:40] Failed to load config from \"c:\\\\Users\\\\Usr\\\\Documents\\\\MiniAgente-Inventario\\\\homebacar\\\\dataconnect\": could not find dataconnect.yaml in `c:\\Users\\Usr\\Documents\\MiniAgente-Inventario\\homebacar\\dataconnect`\n"}}
[debug] [2026-04-16T14:36:18.461Z] E0416 11:36:18.458333   16368 watch.go:40] Failed to load config from "c:\\Users\\Usr\\Documents\\MiniAgente-Inventario\\homebacar\\dataconnect": could not find dataconnect.yaml in `c:\Users\Usr\Documents\MiniAgente-Inventario\homebacar\dataconnect`
 {"metadata":{"emulator":{"name":"dataconnect"},"message":"E0416 11:36:18.458333   16368 watch.go:40] Failed to load config from \"c:\\\\Users\\\\Usr\\\\Documents\\\\MiniAgente-Inventario\\\\homebacar\\\\dataconnect\": could not find dataconnect.yaml in `c:\\Users\\Usr\\Documents\\MiniAgente-Inventario\\homebacar\\dataconnect`\n"}}
[debug] [2026-04-16T14:36:28.462Z] E0416 11:36:28.461467   16368 watch.go:40] Failed to load config from "c:\\Users\\Usr\\Documents\\MiniAgente-Inventario\\homebacar\\dataconnect": could not find dataconnect.yaml in `c:\Users\Usr\Documents\MiniAgente-Inventario\homebacar\dataconnect`
 {"metadata":{"emulator":{"name":"dataconnect"},"message":"E0416 11:36:28.461467   16368 watch.go:40] Failed to load config from \"c:\\\\Users\\\\Usr\\\\Documents\\\\MiniAgente-Inventario\\\\homebacar\\\\dataconnect\": could not find dataconnect.yaml in `c:\\Users\\Usr\\Documents\\MiniAgente-Inventario\\homebacar\\dataconnect`\n"}}
[debug] [2026-04-16T14:36:38.457Z] E0416 11:36:38.456447   16368 watch.go:116] watchAllDir unable to walk dir `c:\Users\Usr\Documents\MiniAgente-Inventario\homebacar\dataconnect`: GetFileAttributesEx c:\Users\Usr\Documents\MiniAgente-Inventario\homebacar\dataconnect: The system cannot find the file specified.
E0416 11:36:38.456447   16368 watch.go:40] Failed to load config from "c:\\Users\\Usr\\Documents\\MiniAgente-Inventario\\homebacar\\dataconnect": could not find dataconnect.yaml in `c:\Users\Usr\Documents\MiniAgente-Inventario\homebacar\dataconnect`
 {"metadata":{"emulator":{"name":"dataconnect"},"message":"E0416 11:36:38.456447   16368 watch.go:116] watchAllDir unable to walk dir `c:\\Users\\Usr\\Documents\\MiniAgente-Inventario\\homebacar\\dataconnect`: GetFileAttributesEx c:\\Users\\Usr\\Documents\\MiniAgente-Inventario\\homebacar\\dataconnect: The system cannot find the file specified.\nE0416 11:36:38.456447   16368 watch.go:40] Failed to load config from \"c:\\\\Users\\\\Usr\\\\Documents\\\\MiniAgente-Inventario\\\\homebacar\\\\dataconnect\": could not find dataconnect.yaml in `c:\\Users\\Usr\\Documents\\MiniAgente-Inventario\\homebacar\\dataconnect`\n"}}
[debug] [2026-04-16T14:36:48.457Z] E0416 11:36:48.456175   16368 watch.go:40] Failed to load config from "c:\\Users\\Usr\\Documents\\MiniAgente-Inventario\\homebacar\\dataconnect": could not find dataconnect.yaml in `c:\Users\Usr\Documents\MiniAgente-Inventario\homebacar\dataconnect`
 {"metadata":{"emulator":{"name":"dataconnect"},"message":"E0416 11:36:48.456175   16368 watch.go:40] Failed to load config from \"c:\\\\Users\\\\Usr\\\\Documents\\\\MiniAgente-Inventario\\\\homebacar\\\\dataconnect\": could not find dataconnect.yaml in `c:\\Users\\Usr\\Documents\\MiniAgente-Inventario\\homebacar\\dataconnect`\n"}}
[debug] [2026-04-16T14:36:58.457Z] E0416 11:36:58.455602   16368 watch.go:40] Failed to load config from "c:\\Users\\Usr\\Documents\\MiniAgente-Inventario\\homebacar\\dataconnect": could not find dataconnect.yaml in `c:\Users\Usr\Documents\MiniAgente-Inventario\homebacar\dataconnect`
 {"metadata":{"emulator":{"name":"dataconnect"},"message":"E0416 11:36:58.455602   16368 watch.go:40] Failed to load config from \"c:\\\\Users\\\\Usr\\\\Documents\\\\MiniAgente-Inventario\\\\homebacar\\\\dataconnect\": could not find dataconnect.yaml in `c:\\Users\\Usr\\Documents\\MiniAgente-Inventario\\homebacar\\dataconnect`\n"}}
[debug] [2026-04-16T14:37:08.457Z] E0416 11:37:08.454970   16368 watch.go:40] Failed to load config from "c:\\Users\\Usr\\Documents\\MiniAgente-Inventario\\homebacar\\dataconnect": could not find dataconnect.yaml in `c:\Users\Usr\Documents\MiniAgente-Inventario\homebacar\dataconnect`
 {"metadata":{"emulator":{"name":"dataconnect"},"message":"E0416 11:37:08.454970   16368 watch.go:40] Failed to load config from \"c:\\\\Users\\\\Usr\\\\Documents\\\\MiniAgente-Inventario\\\\homebacar\\\\dataconnect\": could not find dataconnect.yaml in `c:\\Users\\Usr\\Documents\\MiniAgente-Inventario\\homebacar\\dataconnect`\n"}}
[debug] [2026-04-16T14:37:18.456Z] E0416 11:37:18.454566   16368 watch.go:40] Failed to load config from "c:\\Users\\Usr\\Documents\\MiniAgente-Inventario\\homebacar\\dataconnect": could not find dataconnect.yaml in `c:\Users\Usr\Documents\MiniAgente-Inventario\homebacar\dataconnect`
 {"metadata":{"emulator":{"name":"dataconnect"},"message":"E0416 11:37:18.454566   16368 watch.go:40] Failed to load config from \"c:\\\\Users\\\\Usr\\\\Documents\\\\MiniAgente-Inventario\\\\homebacar\\\\dataconnect\": could not find dataconnect.yaml in `c:\\Users\\Usr\\Documents\\MiniAgente-Inventario\\homebacar\\dataconnect`\n"}}
[debug] [2026-04-16T14:37:28.454Z] E0416 11:37:28.453883   16368 watch.go:40] Failed to load config from "c:\\Users\\Usr\\Documents\\MiniAgente-Inventario\\homebacar\\dataconnect": could not find dataconnect.yaml in `c:\Users\Usr\Documents\MiniAgente-Inventario\homebacar\dataconnect`
 {"metadata":{"emulator":{"name":"dataconnect"},"message":"E0416 11:37:28.453883   16368 watch.go:40] Failed to load config from \"c:\\\\Users\\\\Usr\\\\Documents\\\\MiniAgente-Inventario\\\\homebacar\\\\dataconnect\": could not find dataconnect.yaml in `c:\\Users\\Usr\\Documents\\MiniAgente-Inventario\\homebacar\\dataconnect`\n"}}
[debug] [2026-04-16T14:37:38.454Z] E0416 11:37:38.453722   16368 watch.go:116] watchAllDir unable to walk dir `c:\Users\Usr\Documents\MiniAgente-Inventario\homebacar\dataconnect`: GetFileAttributesEx c:\Users\Usr\Documents\MiniAgente-Inventario\homebacar\dataconnect: The system cannot find the file specified.
E0416 11:37:38.453722   16368 watch.go:40] Failed to load config from "c:\\Users\\Usr\\Documents\\MiniAgente-Inventario\\homebacar\\dataconnect": could not find dataconnect.yaml in `c:\Users\Usr\Documents\MiniAgente-Inventario\homebacar\dataconnect`
 {"metadata":{"emulator":{"name":"dataconnect"},"message":"E0416 11:37:38.453722   16368 watch.go:116] watchAllDir unable to walk dir `c:\\Users\\Usr\\Documents\\MiniAgente-Inventario\\homebacar\\dataconnect`: GetFileAttributesEx c:\\Users\\Usr\\Documents\\MiniAgente-Inventario\\homebacar\\dataconnect: The system cannot find the file specified.\nE0416 11:37:38.453722   16368 watch.go:40] Failed to load config from \"c:\\\\Users\\\\Usr\\\\Documents\\\\MiniAgente-Inventario\\\\homebacar\\\\dataconnect\": could not find dataconnect.yaml in `c:\\Users\\Usr\\Documents\\MiniAgente-Inventario\\homebacar\\dataconnect`\n"}}
[debug] [2026-04-16T14:37:48.454Z] E0416 11:37:48.453397   16368 watch.go:40] Failed to load config from "c:\\Users\\Usr\\Documents\\MiniAgente-Inventario\\homebacar\\dataconnect": could not find dataconnect.yaml in `c:\Users\Usr\Documents\MiniAgente-Inventario\homebacar\dataconnect`
 {"metadata":{"emulator":{"name":"dataconnect"},"message":"E0416 11:37:48.453397   16368 watch.go:40] Failed to load config from \"c:\\\\Users\\\\Usr\\\\Documents\\\\MiniAgente-Inventario\\\\homebacar\\\\dataconnect\": could not find dataconnect.yaml in `c:\\Users\\Usr\\Documents\\MiniAgente-Inventario\\homebacar\\dataconnect`\n"}}
[debug] [2026-04-16T14:37:58.456Z] E0416 11:37:58.454320   16368 watch.go:40] Failed to load config from "c:\\Users\\Usr\\Documents\\MiniAgente-Inventario\\homebacar\\dataconnect": could not find dataconnect.yaml in `c:\Users\Usr\Documents\MiniAgente-Inventario\homebacar\dataconnect`
 {"metadata":{"emulator":{"name":"dataconnect"},"message":"E0416 11:37:58.454320   16368 watch.go:40] Failed to load config from \"c:\\\\Users\\\\Usr\\\\Documents\\\\MiniAgente-Inventario\\\\homebacar\\\\dataconnect\": could not find dataconnect.yaml in `c:\\Users\\Usr\\Documents\\MiniAgente-Inventario\\homebacar\\dataconnect`\n"}}
[debug] [2026-04-16T14:38:08.454Z] E0416 11:38:08.452323   16368 watch.go:40] Failed to load config from "c:\\Users\\Usr\\Documents\\MiniAgente-Inventario\\homebacar\\dataconnect": could not find dataconnect.yaml in `c:\Users\Usr\Documents\MiniAgente-Inventario\homebacar\dataconnect`
 {"metadata":{"emulator":{"name":"dataconnect"},"message":"E0416 11:38:08.452323   16368 watch.go:40] Failed to load config from \"c:\\\\Users\\\\Usr\\\\Documents\\\\MiniAgente-Inventario\\\\homebacar\\\\dataconnect\": could not find dataconnect.yaml in `c:\\Users\\Usr\\Documents\\MiniAgente-Inventario\\homebacar\\dataconnect`\n"}}
[debug] [2026-04-16T14:38:18.454Z] E0416 11:38:18.451822   16368 watch.go:40] Failed to load config from "c:\\Users\\Usr\\Documents\\MiniAgente-Inventario\\homebacar\\dataconnect": could not find dataconnect.yaml in `c:\Users\Usr\Documents\MiniAgente-Inventario\homebacar\dataconnect`
 {"metadata":{"emulator":{"name":"dataconnect"},"message":"E0416 11:38:18.451822   16368 watch.go:40] Failed to load config from \"c:\\\\Users\\\\Usr\\\\Documents\\\\MiniAgente-Inventario\\\\homebacar\\\\dataconnect\": could not find dataconnect.yaml in `c:\\Users\\Usr\\Documents\\MiniAgente-Inventario\\homebacar\\dataconnect`\n"}}
[debug] [2026-04-16T14:38:28.451Z] E0416 11:38:28.451445   16368 watch.go:40] Failed to load config from "c:\\Users\\Usr\\Documents\\MiniAgente-Inventario\\homebacar\\dataconnect": could not find dataconnect.yaml in `c:\Users\Usr\Documents\MiniAgente-Inventario\homebacar\dataconnect`
 {"metadata":{"emulator":{"name":"dataconnect"},"message":"E0416 11:38:28.451445   16368 watch.go:40] Failed to load config from \"c:\\\\Users\\\\Usr\\\\Documents\\\\MiniAgente-Inventario\\\\homebacar\\\\dataconnect\": could not find dataconnect.yaml in `c:\\Users\\Usr\\Documents\\MiniAgente-Inventario\\homebacar\\dataconnect`\n"}}
[debug] [2026-04-16T14:38:38.451Z] E0416 11:38:38.450666   16368 watch.go:116] watchAllDir unable to walk dir `c:\Users\Usr\Documents\MiniAgente-Inventario\homebacar\dataconnect`: GetFileAttributesEx c:\Users\Usr\Documents\MiniAgente-Inventario\homebacar\dataconnect: The system cannot find the file specified.
E0416 11:38:38.450666   16368 watch.go:40] Failed to load config from "c:\\Users\\Usr\\Documents\\MiniAgente-Inventario\\homebacar\\dataconnect": could not find dataconnect.yaml in `c:\Users\Usr\Documents\MiniAgente-Inventario\homebacar\dataconnect`
 {"metadata":{"emulator":{"name":"dataconnect"},"message":"E0416 11:38:38.450666   16368 watch.go:116] watchAllDir unable to walk dir `c:\\Users\\Usr\\Documents\\MiniAgente-Inventario\\homebacar\\dataconnect`: GetFileAttributesEx c:\\Users\\Usr\\Documents\\MiniAgente-Inventario\\homebacar\\dataconnect: The system cannot find the file specified.\nE0416 11:38:38.450666   16368 watch.go:40] Failed to load config from \"c:\\\\Users\\\\Usr\\\\Documents\\\\MiniAgente-Inventario\\\\homebacar\\\\dataconnect\": could not find dataconnect.yaml in `c:\\Users\\Usr\\Documents\\MiniAgente-Inventario\\homebacar\\dataconnect`\n"}}
[info] [Firebase Plugin] Stopping Data Connect toolkit
[warn] !  Data Connect Emulator has exited upon receiving signal: SIGINT 
