[debug] [2026-05-08T12:58:53.234Z] [Firebase Plugin] Activating Firebase extension.
[debug] [2026-05-08T12:58:57.978Z] [Firebase Plugin] requireAuthWrapper
[debug] [2026-05-08T12:58:57.979Z] > command requires scopes: ["email","openid","https://www.googleapis.com/auth/cloudplatformprojects.readonly","https://www.googleapis.com/auth/firebase","https://www.googleapis.com/auth/cloud-platform"]
[debug] [2026-05-08T12:58:57.980Z] > authorizing via signed-in user (desarrollo.it@bacarsa.com.ar)
[debug] [2026-05-08T12:58:57.983Z] Checked if tokens are valid: true, expires at: 1778246852507
[debug] [2026-05-08T12:58:57.983Z] Checked if tokens are valid: true, expires at: 1778246852507
[debug] [2026-05-08T12:58:57.983Z] [Firebase Plugin] User found:  desarrollo.it@bacarsa.com.ar
[info] [Firebase Plugin] (Core:Project) New user detected, fetching projects
[debug] [2026-05-08T12:58:57.985Z] Checked if tokens are valid: true, expires at: 1778246852507
[debug] [2026-05-08T12:58:57.987Z] >>> [apiv2][query] GET https://firebase.googleapis.com/v1beta1/projects pageSize=1000
[info] [Firebase Plugin] Starting SQL Connect toolkit (version 3.4.5) on port 50002
[debug] [2026-05-08T12:58:59.158Z] I0508 09:58:59.127198   22492 control.go:100] [projects/emulator/locations/emulator/services/inventario e077] UpdateResources(): done
Main schema: sources: schema\schema.gql [1992B] 
Connector "example": sources: example\mutations.gql [1243B] example\queries.gql [1801B] 
 {"metadata":{"emulator":{"name":"dataconnect"},"message":"I0508 09:58:59.127198   22492 control.go:100] [projects/emulator/locations/emulator/services/inventario e077] UpdateResources(): done\nMain schema: sources: schema\\schema.gql [1992B] \nConnector \"example\": sources: example\\mutations.gql [1243B] example\\queries.gql [1801B] \n"}}
[debug] [2026-05-08T12:58:59.159Z] Ignoring unsupported arg: auto_download {"metadata":{"emulator":{"name":"dataconnect"},"message":"Ignoring unsupported arg: auto_download"}}
[debug] [2026-05-08T12:58:59.160Z] Ignoring unsupported arg: port {"metadata":{"emulator":{"name":"dataconnect"},"message":"Ignoring unsupported arg: port"}}
[debug] [2026-05-08T12:58:59.162Z] Starting SQL Connect Emulator with command {"binary":"C:\\Users\\Usr\\.cache\\firebase\\emulators\\dataconnect-emulator-3.4.5.exe","args":["--logtostderr","-v=2","dev","--listen=localhost:50002","--config_dir=c:\\Users\\Usr\\Documents\\MiniAgente-Inventario\\inventario\\dataconnect","--enable_output_schema_extensions=true","--enable_output_generated_sdk=true"],"optionalArgs":["listen","config_dir","enable_output_schema_extensions","enable_output_generated_sdk"],"joinArgs":true,"shell":false,"port":9399} {"metadata":{"emulator":{"name":"dataconnect"},"message":"Starting SQL Connect Emulator with command {\"binary\":\"C:\\\\Users\\\\Usr\\\\.cache\\\\firebase\\\\emulators\\\\dataconnect-emulator-3.4.5.exe\",\"args\":[\"--logtostderr\",\"-v=2\",\"dev\",\"--listen=localhost:50002\",\"--config_dir=c:\\\\Users\\\\Usr\\\\Documents\\\\MiniAgente-Inventario\\\\inventario\\\\dataconnect\",\"--enable_output_schema_extensions=true\",\"--enable_output_generated_sdk=true\"],\"optionalArgs\":[\"listen\",\"config_dir\",\"enable_output_schema_extensions\",\"enable_output_generated_sdk\"],\"joinArgs\":true,\"shell\":false,\"port\":9399}"}}
[info] i  dataconnect: SQL Connect Emulator logging to dataconnect-debug.log {"metadata":{"emulator":{"name":"dataconnect"},"message":"SQL Connect Emulator logging to \u001b[1mdataconnect-debug.log\u001b[22m"}}
[debug] [2026-05-08T12:58:59.260Z] I0508 09:58:59.248106   17968 load.go:31] Reloading schema and connectors...
 {"metadata":{"emulator":{"name":"dataconnect"},"message":"I0508 09:58:59.248106   17968 load.go:31] Reloading schema and connectors...\n"}}
[debug] [2026-05-08T12:58:59.317Z] I0508 09:58:59.302681   17968 control.go:100] [projects/emulator/locations/emulator/services/inventario 0904] UpdateResources(): done
Main schema: sources: schema\schema.gql [1992B] 
Connector "example": sources: example\mutations.gql [1243B] example\queries.gql [1801B] 
 {"metadata":{"emulator":{"name":"dataconnect"},"message":"I0508 09:58:59.302681   17968 control.go:100] [projects/emulator/locations/emulator/services/inventario 0904] UpdateResources(): done\nMain schema: sources: schema\\schema.gql [1992B] \nConnector \"example\": sources: example\\mutations.gql [1243B] example\\queries.gql [1801B] \n"}}
[debug] [2026-05-08T12:58:59.396Z] I0508 09:58:59.341087   17968 codegen.go:101] [connector "example" kotlinSdk] Generating sources into "c:\\Users\\Usr\\Documents\\MiniAgente-Inventario\\inventario\\src\\main\\kotlin\\com\\google\\firebase\\dataconnect\\generated"
 {"metadata":{"emulator":{"name":"dataconnect"},"message":"I0508 09:58:59.341087   17968 codegen.go:101] [connector \"example\" kotlinSdk] Generating sources into \"c:\\\\Users\\\\Usr\\\\Documents\\\\MiniAgente-Inventario\\\\inventario\\\\src\\\\main\\\\kotlin\\\\com\\\\google\\\\firebase\\\\dataconnect\\\\generated\"\n"}}
[debug] [2026-05-08T12:58:59.499Z] I0508 09:58:59.400582   17968 collector.go:107] schema extensions wrote into "c:\\Users\\Usr\\Documents\\MiniAgente-Inventario\\inventario\\dataconnect\\.dataconnect\\schema"
Generated sources: main\input.gql [28927B] main\relation.gql [14318B] main\query.gql [5099B] main\mutation.gql [13679B] main\implicit.gql [1261B] prelude.gql [82799B] 
 {"metadata":{"emulator":{"name":"dataconnect"},"message":"I0508 09:58:59.400582   17968 collector.go:107] schema extensions wrote into \"c:\\\\Users\\\\Usr\\\\Documents\\\\MiniAgente-Inventario\\\\inventario\\\\dataconnect\\\\.dataconnect\\\\schema\"\nGenerated sources: main\\input.gql [28927B] main\\relation.gql [14318B] main\\query.gql [5099B] main\\mutation.gql [13679B] main\\implicit.gql [1261B] prelude.gql [82799B] \n"}}
[debug] [2026-05-08T12:58:59.520Z] I0508 09:58:59.519372   17968 collector.go:107] connector "example" kotlinSdk wrote into "c:\\Users\\Usr\\Documents\\MiniAgente-Inventario\\inventario\\src\\main\\kotlin\\com\\google\\firebase\\dataconnect\\generated"
Generated sources: ExampleConnectorEnums.kt [309B] README.md [8641B] ExampleConnector.kt [13227B] AddReviewMutation.kt [1962B] DeleteReviewMutation.kt [1813B] ListUsersQuery.kt [2014B] SearchMovieQuery.kt [4311B] UpsertUserMutation.kt [1659B] ExampleConnectorKeys.kt [907B] CreateMovieMutation.kt [1822B] GetMovieByIdQuery.kt [3355B] ListMoviesQuery.kt [2191B] ListUserReviewsQuery.kt [2615B] 
I0508 09:58:59.519372   17968 load.go:109] Finished reloading
 {"metadata":{"emulator":{"name":"dataconnect"},"message":"I0508 09:58:59.519372   17968 collector.go:107] connector \"example\" kotlinSdk wrote into \"c:\\\\Users\\\\Usr\\\\Documents\\\\MiniAgente-Inventario\\\\inventario\\\\src\\\\main\\\\kotlin\\\\com\\\\google\\\\firebase\\\\dataconnect\\\\generated\"\nGenerated sources: ExampleConnectorEnums.kt [309B] README.md [8641B] ExampleConnector.kt [13227B] AddReviewMutation.kt [1962B] DeleteReviewMutation.kt [1813B] ListUsersQuery.kt [2014B] SearchMovieQuery.kt [4311B] UpsertUserMutation.kt [1659B] ExampleConnectorKeys.kt [907B] CreateMovieMutation.kt [1822B] GetMovieByIdQuery.kt [3355B] ListMoviesQuery.kt [2191B] ListUserReviewsQuery.kt [2615B] \nI0508 09:58:59.519372   17968 load.go:109] Finished reloading\n"}}
[debug] [2026-05-08T12:58:59.593Z] I0508 09:58:59.578450   17968 dev.go:104] Listening on address (HTTP + gRPC): 127.0.0.1:50002
 {"metadata":{"emulator":{"name":"dataconnect"},"message":"I0508 09:58:59.578450   17968 dev.go:104] Listening on address (HTTP + gRPC): 127.0.0.1:50002\n"}}
[debug] [2026-05-08T12:58:59.844Z] <<< [apiv2][status] GET https://firebase.googleapis.com/v1beta1/projects 200
[debug] [2026-05-08T12:58:59.845Z] <<< [apiv2][body] GET https://firebase.googleapis.com/v1beta1/projects [omitted]
[error] [Firebase Plugin] error:  {}
