#
# There is insufficient memory for the Java Runtime Environment to continue.
# Native memory allocation (mmap) failed to map 257949696 bytes for G1 virtual space
# Possible reasons:
#   The system is out of physical RAM or swap space
#   The process is running with CompressedOops enabled, and the Java Heap may be blocking the growth of the native heap
# Possible solutions:
#   Reduce memory load on the system
#   Increase physical memory or swap space
#   Check if swap backing store is full
#   Decrease Java heap size (-Xmx/-Xms)
#   Decrease number of Java threads
#   Decrease Java thread stack sizes (-Xss)
#   Set larger code cache with -XX:ReservedCodeCacheSize=
#   JVM is running with Zero Based Compressed Oops mode in which the Java heap is
#     placed in the first 32GB address space. The Java Heap base address is the
#     maximum limit for the native heap growth. Please use -XX:HeapBaseMinAddress
#     to set the Java Heap base and to place the Java Heap above 32GB virtual address.
# This output file may be truncated or incomplete.
#
#  Out of Memory Error (os_windows.cpp:3603), pid=16012, tid=26184
#
# JRE version:  (21.0.9+7) (build )
# Java VM: Java HotSpot(TM) 64-Bit Server VM (21.0.9+7-LTS-338, mixed mode, sharing, tiered, compressed oops, compressed class ptrs, g1 gc, windows-amd64)
# No core dump will be written. Minidumps are not enabled by default on client versions of Windows
#

---------------  S U M M A R Y ------------

Command Line: --enable-native-access=ALL-UNNAMED 

Host: AMD Ryzen 5 5600G with Radeon Graphics         , 12 cores, 15G,  Windows 11 , 64 bit Build 26100 (10.0.26100.8246)
Time: Thu Apr 30 12:34:53 2026 Hora estándar de Argentina elapsed time: 0.022316 seconds (0d 0h 0m 0s)

---------------  T H R E A D  ---------------

Current thread (0x00000255d26ff180):  JavaThread "Unknown thread" [_thread_in_vm, id=26184, stack(0x000000a467e00000,0x000000a467f00000) (1024K)]

Stack: [0x000000a467e00000,0x000000a467f00000]
Native frames: (J=compiled Java code, j=interpreted, Vv=VM code, C=native code)
V  [jvm.dll+0x6cbf89]
V  [jvm.dll+0x858421]
V  [jvm.dll+0x85a94e]
V  [jvm.dll+0x85b023]
V  [jvm.dll+0x27ebc6]
V  [jvm.dll+0x6c8705]
V  [jvm.dll+0x6bd26a]
V  [jvm.dll+0x354a0a]
V  [jvm.dll+0x35c686]
V  [jvm.dll+0x3af79e]
V  [jvm.dll+0x3afa48]
V  [jvm.dll+0x328d1c]
V  [jvm.dll+0x32987b]
V  [jvm.dll+0x821739]
V  [jvm.dll+0x3bc481]
V  [jvm.dll+0x80a9b8]
V  [jvm.dll+0x45166e]
V  [jvm.dll+0x453261]
C  [jli.dll+0x52a3]
C  [ucrtbase.dll+0x37b0]
C  [KERNEL32.DLL+0x2e8d7]
C  [ntdll.dll+0x8c3fc]


---------------  P R O C E S S  ---------------

Threads class SMR info:
_java_thread_list=0x00007ff911dcfc08, length=0, elements={
}

Java Threads: ( => current thread )
Total: 0

Other Threads:
  0x00000255d490d790 WorkerThread "GC Thread#0"                     [id=8036, stack(0x000000a467f00000,0x000000a468000000) (1024K)]
  0x00000255d4920b10 ConcurrentGCThread "G1 Main Marker"            [id=16308, stack(0x000000a468000000,0x000000a468100000) (1024K)]
  0x00000255d4921520 WorkerThread "G1 Conc#0"                       [id=26364, stack(0x000000a468100000,0x000000a468200000) (1024K)]

[error occurred during error reporting (printing all threads), id 0xc0000005, EXCEPTION_ACCESS_VIOLATION (0xc0000005) at pc=0x00007ff91153b4a7]
VM state: not at safepoint (not fully initialized)

VM Mutex/Monitor currently owned by a thread:  ([mutex/lock_event])
[0x00007ff911e40ef0] Heap_lock - owner thread: 0x00000255d26ff180

Heap address: 0x000000070a000000, size: 3936 MB, Compressed Oops mode: Zero based, Oop shift amount: 3

CDS archive(s) mapped at: [0x0000000000000000-0x0000000000000000-0x0000000000000000), size 0, SharedBaseAddress: 0x0000000800000000, ArchiveRelocationMode: 1.
Narrow klass base: 0x0000000000000000, Narrow klass shift: 0, Narrow klass range: 0x0

GC Precious Log:
 CardTable entry size: 512
 Card Set container configuration: InlinePtr #cards 4 size 8 Array Of Cards #cards 16 size 48 Howl #buckets 8 coarsen threshold 3686 Howl Bitmap #cards 512 size 80 coarsen threshold 460 Card regions per heap region 1 cards per card region 4096

Heap:
 garbage-first heap   total 0K, used 0K [0x000000070a000000, 0x0000000800000000)
  region size 2048K, 0 young (0K), 0 survivors (0K)

[error occurred during error reporting (printing heap information), id 0xc0000005, EXCEPTION_ACCESS_VIOLATION (0xc0000005) at pc=0x00007ff911924ff9]
GC Heap History (0 events):
No events

Dll operation events (1 events):
Event: 0.005 Loaded shared library C:\Program Files\Java\jdk-21\bin\java.dll

Deoptimization events (0 events):
No events

Classes loaded (0 events):
No events

Classes unloaded (0 events):
No events

Classes redefined (0 events):
No events

Internal exceptions (0 events):
No events

ZGC Phase Switch (0 events):
No events

VM Operations (0 events):
No events

Events (0 events):
No events


Dynamic libraries:
0x00007ff737f20000 - 0x00007ff737f30000 	C:\Program Files\Java\jdk-21\bin\java.exe
0x00007ff99b220000 - 0x00007ff99b487000 	C:\WINDOWS\SYSTEM32\ntdll.dll
0x00007ff999500000 - 0x00007ff9995c9000 	C:\WINDOWS\System32\KERNEL32.DLL
0x00007ff998740000 - 0x00007ff998b34000 	C:\WINDOWS\System32\KERNELBASE.dll
0x00007ff998490000 - 0x00007ff9985db000 	C:\WINDOWS\System32\ucrtbase.dll
0x00007ff985740000 - 0x00007ff98575b000 	C:\Program Files\Java\jdk-21\bin\VCRUNTIME140.dll
0x00007ff97faa0000 - 0x00007ff97fab9000 	C:\Program Files\Java\jdk-21\bin\jli.dll
0x00007ff99ab60000 - 0x00007ff99ac16000 	C:\WINDOWS\System32\ADVAPI32.dll
0x00007ff999350000 - 0x00007ff9993f9000 	C:\WINDOWS\System32\msvcrt.dll
0x00007ff99a890000 - 0x00007ff99a937000 	C:\WINDOWS\System32\sechost.dll
0x00007ff9999d0000 - 0x00007ff999ae8000 	C:\WINDOWS\System32\RPCRT4.dll
0x00007ff99a6c0000 - 0x00007ff99a885000 	C:\WINDOWS\System32\USER32.dll
0x00007ff98afe0000 - 0x00007ff98b273000 	C:\WINDOWS\WinSxS\amd64_microsoft.windows.common-controls_6595b64144ccf1df_6.0.26100.8115_none_3e075c82e3354f9c\COMCTL32.dll
0x00007ff998f80000 - 0x00007ff998fa7000 	C:\WINDOWS\System32\win32u.dll
0x00007ff999320000 - 0x00007ff99934b000 	C:\WINDOWS\System32\GDI32.dll
0x00007ff998360000 - 0x00007ff99848b000 	C:\WINDOWS\System32\gdi32full.dll
0x00007ff991f10000 - 0x00007ff991f1b000 	C:\WINDOWS\SYSTEM32\VERSION.dll
0x00007ff9985e0000 - 0x00007ff998683000 	C:\WINDOWS\System32\msvcp_win.dll
0x00007ff99a940000 - 0x00007ff99a972000 	C:\WINDOWS\System32\IMM32.DLL
0x00007ff989420000 - 0x00007ff98942c000 	C:\Program Files\Java\jdk-21\bin\vcruntime140_1.dll
0x00007ff97fae0000 - 0x00007ff97fb6e000 	C:\Program Files\Java\jdk-21\bin\msvcp140.dll
0x00007ff911200000 - 0x00007ff911f1d000 	C:\Program Files\Java\jdk-21\bin\server\jvm.dll
0x00007ff999af0000 - 0x00007ff999b70000 	C:\WINDOWS\System32\WS2_32.dll
0x00007ff997950000 - 0x00007ff9979ae000 	C:\WINDOWS\SYSTEM32\POWRPROF.dll
0x00007ff991ed0000 - 0x00007ff991f06000 	C:\WINDOWS\SYSTEM32\WINMM.dll
0x00007ff997930000 - 0x00007ff997944000 	C:\WINDOWS\SYSTEM32\UMPDC.dll
0x00007ff996840000 - 0x00007ff99685b000 	C:\WINDOWS\SYSTEM32\kernel.appcore.dll
0x00007ff985710000 - 0x00007ff98571a000 	C:\Program Files\Java\jdk-21\bin\jimage.dll
0x00007ff98f0f0000 - 0x00007ff98f332000 	C:\WINDOWS\SYSTEM32\DBGHELP.DLL
0x00007ff999630000 - 0x00007ff9999b2000 	C:\WINDOWS\System32\combase.dll
0x00007ff99a550000 - 0x00007ff99a628000 	C:\WINDOWS\System32\OLEAUT32.dll
0x00007ff97f940000 - 0x00007ff97f97b000 	C:\WINDOWS\SYSTEM32\dbgcore.DLL
0x00007ff998690000 - 0x00007ff998735000 	C:\WINDOWS\System32\bcryptPrimitives.dll
0x00007ff9855b0000 - 0x00007ff9855cf000 	C:\Program Files\Java\jdk-21\bin\java.dll

dbghelp: loaded successfully - version: 4.0.5 - missing functions: none
symbol engine: initialized successfully - sym options: 0x614 - pdb path: .;C:\Program Files\Java\jdk-21\bin;C:\WINDOWS\SYSTEM32;C:\WINDOWS\WinSxS\amd64_microsoft.windows.common-controls_6595b64144ccf1df_6.0.26100.8115_none_3e075c82e3354f9c;C:\Program Files\Java\jdk-21\bin\server

VM Arguments:
jvm_args: --enable-native-access=ALL-UNNAMED 
java_command: <unknown>
java_class_path (initial): <not set>
Launcher Type: SUN_STANDARD

[Global flags]
     intx CICompilerCount                          = 4                                         {product} {ergonomic}
     uint ConcGCThreads                            = 3                                         {product} {ergonomic}
     uint G1ConcRefinementThreads                  = 10                                        {product} {ergonomic}
   size_t G1HeapRegionSize                         = 2097152                                   {product} {ergonomic}
    uintx GCDrainStackTargetSize                   = 64                                        {product} {ergonomic}
   size_t InitialHeapSize                          = 257949696                                 {product} {ergonomic}
   size_t MarkStackSize                            = 4194304                                   {product} {ergonomic}
   size_t MaxHeapSize                              = 4127195136                                {product} {ergonomic}
   size_t MinHeapDeltaBytes                        = 2097152                                   {product} {ergonomic}
   size_t MinHeapSize                              = 8388608                                   {product} {ergonomic}
    uintx NonNMethodCodeHeapSize                   = 5839372                                {pd product} {ergonomic}
    uintx NonProfiledCodeHeapSize                  = 122909434                              {pd product} {ergonomic}
    uintx ProfiledCodeHeapSize                     = 122909434                              {pd product} {ergonomic}
    uintx ReservedCodeCacheSize                    = 251658240                              {pd product} {ergonomic}
     bool SegmentedCodeCache                       = true                                      {product} {ergonomic}
   size_t SoftMaxHeapSize                          = 4127195136                             {manageable} {ergonomic}
     bool UseCompressedOops                        = true                           {product lp64_product} {ergonomic}
     bool UseG1GC                                  = true                                      {product} {ergonomic}
     bool UseLargePagesIndividualAllocation        = false                                  {pd product} {ergonomic}

Logging:
Log output configuration:
 #0: stdout all=warning uptime,level,tags foldmultilines=false
 #1: stderr all=off uptime,level,tags foldmultilines=false

Environment Variables:
JAVA_HOME=C:\Program Files\Java\jdk-21
PATH=C:\Program Files\WindowsApps\Microsoft.PowerShell_7.6.1.0_x64__8wekyb3d8bbwe;C:\Program Files\Common Files\Oracle\Java\javapath;C:\WINDOWS\system32;C:\WINDOWS;C:\WINDOWS\System32\Wbem;C:\WINDOWS\System32\WindowsPowerShell\v1.0\;C:\WINDOWS\System32\OpenSSH\;C:\Program Files\Microsoft VS Code\bin;C:\Users\Usr\AppData\Local\Programs\Python\Python314;C:\Users\Usr\AppData\Local\Programs\Python\Python314\Scripts;C:\Program Files\nodejs\;C:\Program Files\dotnet\;C:\Program Files\GitHub CLI\;C:\Program Files\Java\jdk-21\bin;C:\Users\Usr\maven\bin;C:\Program Files\WindowsApps\Microsoft.PowerShell_7.6.0.0_x64__8wekyb3d8bbwe;C:\Program Files\Common Files\Oracle\Java\javapath;C:\WINDOWS\system32;C:\WINDOWS;C:\WINDOWS\System32\Wbem;C:\WINDOWS\System32\WindowsPowerShell\v1.0\;C:\WINDOWS\System32\OpenSSH\;C:\Program Files\Microsoft VS Code\bin;C:\Users\Usr\AppData\Local\Programs\Python\Python314;C:\Users\Usr\AppData\Local\Programs\Python\Python314\Scripts;C:\Program Files\nodejs\;C:\Program Files\dotnet\;C:\Program Files\GitHub CLI\;C:\Program Files\Java\jdk-21\bin;C:\Users\Usr\maven\bin;C:\Program Files\WindowsApps\Microsoft.PowerShell_7.5.4.0_x64__8wekyb3d8bbwe;C:\WINDOWS\system32;C:\WINDOWS;C:\WINDOWS\System32\Wbem;C:\WINDOWS\System32\WindowsPowerShell\v1.0\;C:\WINDOWS\System32\OpenSSH\;C:\Program Files\Microsoft VS Code\bin;C:\Users\Usr\AppData\Local\Programs\Python\Python314;C:\Users\Usr\AppData\Local\Programs\Python\Python314\Scripts;C:\Program Files\nodejs\;C:\Program Files\dotnet\;c:\Users\Usr\AppData\Local\Programs\cursor\resources\app\codeBin;C:\Users\Usr\AppData\Local\Programs\Python\Python314\Scripts\;C:\Users\Usr\AppData\Local\Programs\Python\Python314\;C:\Users\Usr\AppData\Local\Programs\Python\Launcher\;C:\Users\Usr\AppData\Local\Microsoft\WindowsApps;C:\Users\Usr\AppData\Local\Programs\Git\cmd;C:\Users\Usr\AppData\Local\Programs\cursor\resources\app\bin;C:\Users\Usr\AppData\Roaming\npm;C:\Users\Usr\.dotnet\tools;C:\Users\Usr\.local\bin;C:\Users\Usr\AppData\Local\Microsoft\WindowsApps;C:\Users\Usr\AppData\Local\Google\Cloud SDK\google-cloud-sdk\bin;C:\Users\Usr\AppData\Local\Programs\oh-my-posh;C:\Users\Usr\.bun\bin;C:\Users\Usr\AppData\Local\Microsoft\WinGet\Packages\eza-community.eza_Microsoft.Winget.Source_8wekyb3d8bbwe;
USERNAME=Usuario
OS=Windows_NT
PROCESSOR_IDENTIFIER=AMD64 Family 25 Model 80 Stepping 0, AuthenticAMD
TMP=C:\Users\Usr\AppData\Local\Temp
TEMP=C:\Users\Usr\AppData\Local\Temp




Periodic native trim disabled

---------------  S Y S T E M  ---------------

OS:
 Windows 11 , 64 bit Build 26100 (10.0.26100.8246)
OS uptime: 1 days 0:35 hours
Hyper-V role detected

CPU: total 12 (initial active 12) (12 cores per cpu, 2 threads per core) family 25 model 80 stepping 0 microcode 0xa50000d, cx8, cmov, fxsr, ht, mmx, 3dnowpref, sse, sse2, sse3, ssse3, sse4a, sse4.1, sse4.2, popcnt, lzcnt, tsc, tscinvbit, avx, avx2, aes, erms, clmul, bmi1, bmi2, adx, sha, fma, vzeroupper, clflush, clflushopt, hv, rdtscp, rdpid, fsrm, f16c, cet_ss
Processor Information for all 12 processors :
  Max Mhz: 3901, Current Mhz: 3901, Mhz Limit: 3901

Memory: 4k page, system-wide physical 15742M (1432M free)
TotalPageFile size 30521M (AvailPageFile size 89M)
current process WorkingSet (physical memory assigned to process): 12M, peak: 12M
current process commit charge ("private bytes"): 64M, peak: 310M

vm_info: Java HotSpot(TM) 64-Bit Server VM (21.0.9+7-LTS-338) for windows-amd64 JRE (21.0.9+7-LTS-338), built on 2025-09-26T06:33:49Z by "mach5run" with MS VC++ 17.6 (VS2022)

END.
